
   PASS  Tests\Unit\Domain\Billing\BillingExceptionTest
  Ô£ô unknown plan creates correct exception                        0.01s  
  Ô£ô unknown price creates correct exception
  Ô£ô provider error includes previous exception
  Ô£ô missing configuration creates correct exception
  Ô£ô webhook validation failed creates correct exception
  Ô£ô checkout failed creates correct exception
  Ô£ô seat sync failed creates correct exception

   PASS  Tests\Unit\Domain\Billing\BillingPlanServiceTest
  Ô£ô providers returns array of strings                            1.59s  
  Ô£ô default provider returns stripe when not configured           0.78s  
  Ô£ô default provider returns configured value                     0.75s  
  Ô£ô plans returns normalized array                                2.88s  
  Ô£ô plan throws exception for unknown plan                        0.79s  
  Ô£ô price throws exception for unknown price                      1.62s  

   FAIL  Tests\Unit\Domain\Billing\CheckoutRequestTest
  Ô£ô metadata contains required fields                             0.77s  
  Ô£ô metadata includes discount when provided                      0.83s  
  Ô¿» resolve mode returns payment for one time                     0.84s  
  Ô¿» resolve mode returns subscription for subscription            0.74s  
  Ô¿» resolve mode defaults to subscription                         0.74s  

   PASS  Tests\Unit\Domain\Billing\CheckoutServiceTest
  Ô£ô it creates user for guest                                     0.74s  
  Ô£ô it reuses existing user without purchase                      0.91s  
  Ô£ô it throws exception for user with existing subscription       0.98s  
  Ô£ô it returns existing user if authenticated                     0.94s  

   FAIL  Tests\Unit\Domain\Billing\EntitlementServiceTest
  Ô¿» it caches entitlements                                        0.97s  
  Ô£ô it returns active entitlements for active subscription        0.89s  
  Ô£ô it handles grace period for past due subscription             0.92s  

   FAIL  Tests\Unit\Domain\Billing\Imports\CatalogImportServiceTest
  Ô¿» it links existing tombstone mapping to new product            1.02s  

   PASS  Tests\Unit\Domain\Billing\Imports\PaddleCatalogImportAdapterTest
  Ô£ô it handles pagination correctly                               0.96s  
  Ô£ô it imports free prices                                        0.93s  
  Ô£ô it parses boolean metadata correctly                          0.85s  

   FAIL  Tests\Unit\Domain\Billing\SaasStatsServiceTest
  Ô£ô gets active subscription count                                0.90s  
  Ô£ô gets new subscriptions this month                             0.85s  
  Ô£ô gets cancellations this month                                 0.84s  
  Ô¿» calculates churn rate                                         0.88s  
  Ô£ô calculates mrr with plans                                     0.86s  
  Ô£ô calculates arpu                                               0.77s  
  Ô£ô returns zero mrr with no subscriptions                        0.69s  
  Ô£ô returns zero arpu with no subscriptions                       0.71s  

   FAIL  Tests\Unit\Domain\Billing\StripePriceHandlerTest
  Ô¿» handles price created event
  Ô¿» handles price deleted event
  Ô¿» generates human readable label
  Ô¿» handles one time price

   FAIL  Tests\Unit\Domain\Billing\StripeProductHandlerTest
  Ô¿» handles product created event
  Ô¿» handles product updated event
  Ô¿» handles product deleted event
  Ô¿» generates unique key from name and id
  Ô¿» preserves existing key on update

   PASS  Tests\Unit\Domain\Billing\SubscriptionServiceTest
  Ô£ô normalization defaults to usd if missing                      0.72s  
  Ô£ô normalization finds currency in metadata                      0.74s  

   PASS  Tests\Unit\Domain\Billing\SubscriptionTest
  Ô£ô it identifies subscription on trial                           0.69s  
  Ô£ô it clears entitlement cache on save                           0.77s  
  Ô£ô it clears entitlement cache on delete                         0.71s  

   PASS  Tests\Unit\Domain\Settings\AppSettingsServiceTest
  Ô£ô it persists and reads settings                                0.69s  
  Ô£ô it encrypts sensitive values                                  0.76s  

   PASS  Tests\Unit\Domain\Settings\MailSettingsServiceTest
  Ô£ô it applies mail provider config                               0.75s  

   PASS  Tests\Feature\AnnouncementTest
  Ô£ô active announcement is displayed on dashboard                 0.88s  
  Ô£ô inactive announcement is not displayed                        0.79s  
  Ô£ô scheduled announcement respects dates                         0.84s  
  Ô£ô announcement can be dismissed                                 0.70s  
  Ô£ô announcement model active scope                               0.70s  

   PASS  Tests\Feature\Auth\AuthenticationTest
  Ô£ô login screen can be rendered                                  0.71s  
  Ô£ô users can authenticate using the login screen                 0.74s  
  Ô£ô users can not authenticate with invalid password              0.96s  
  Ô£ô users can logout                                              0.74s  

   PASS  Tests\Feature\Auth\EmailVerificationTest
  Ô£ô email verification screen can be rendered                     0.81s  
  Ô£ô email can be verified                                         0.74s  
  Ô£ô email is not verified with invalid hash                       0.78s  

   PASS  Tests\Feature\Auth\PasswordConfirmationTest
  Ô£ô confirm password screen can be rendered                       0.80s  
  Ô£ô password can be confirmed                                     0.74s  
  Ô£ô password is not confirmed with invalid password               1.02s  

   PASS  Tests\Feature\Auth\PasswordResetTest
  Ô£ô reset password link screen can be rendered                    0.80s  
  Ô£ô reset password link can be requested                          1.08s  
  Ô£ô reset password screen can be rendered                         0.99s  
  Ô£ô password can be reset with valid token                        1.01s  

   PASS  Tests\Feature\Auth\PasswordUpdateTest
  Ô£ô password can be updated                                       0.83s  
  Ô£ô correct password must be provided to update password          0.90s  

   PASS  Tests\Feature\Auth\RegistrationTest
  Ô£ô registration screen can be rendered                           0.77s  
  Ô£ô new users can register                                        0.78s  

   PASS  Tests\Feature\Auth\SocialAuthTest
  Ô£ô social auth creates user with random password                 0.86s  

   PASS  Tests\Feature\Authorization\FilamentAccessTest
  Ô£ô non admin cannot access admin roles pages                     0.78s  
  Ô£ô non admin cannot access admin permissions pages               0.75s  
  Ô£ô admin can access admin roles pages                            1.18s  
  Ô£ô admin can access admin permissions pages                      1.04s  

   PASS  Tests\Feature\Authorization\RolePermissionTest
  Ô£ô non admin without permission cannot view roles                0.77s  
  Ô£ô user with permission can view roles                           0.73s  
  Ô£ô non admin without permission cannot update users              0.87s  
  Ô£ô user with permission can update users                         0.77s  
  Ô£ô admin bypasses role permission checks                         0.79s  
  Ô£ô impersonate gate requires permission for non admin            0.74s  

   PASS  Tests\Feature\Billing\BillingNotificationTest
  Ô£ô stripe subscription activation sends welcome notification onÔÇª 0.67s  
  Ô£ô paddle subscription activation sends welcome notification onÔÇª 0.75s  
  Ô£ô paddle subscription trial sends trial notification once       0.70s  
  Ô£ô cancellation notification is sent once                        0.68s  
  Ô£ô plan change notification is sent when plan changes            0.69s  
  Ô£ô invoice payment failed sends notification once                0.74s  
  Ô£ô notifications set mail recipient                              0.75s  

   PASS  Tests\Feature\Billing\PaddleWebhookFallbackTest
  Ô£ô paddle subscription falls back to customer mapping            0.79s  

   PASS  Tests\Feature\Billing\RedirectIfSubscribedMiddlewareTest
  Ô£ô subscribed user is redirected away from checkout              0.71s  
  Ô£ô unsubscribed user can access checkout                         0.74s  
  Ô£ô subscribed user cannot post to billing checkout               0.77s  

   FAIL  Tests\Feature\Billing\SubscriptionAccessTest
  Ô¿» canceled subscription with future end is active for user      0.80s  
  Ô£ô canceled subscription with past end is not active for user    0.85s  

   PASS  Tests\Feature\OnboardingTest
  Ô£ô new user sees onboarding                                      0.73s  
  Ô£ô completed user redirects from onboarding                      0.79s  
  Ô£ô onboarding step 1 updates name                                0.74s  
  Ô£ô onboarding step 2 completes onboarding                        0.89s  
  Ô£ô onboarding can be skipped                                     0.84s  

   FAIL  Tests\Feature\ProfileTest
  Ô¿» profile page is displayed                                     0.77s  
  Ô£ô profile information can be updated                            0.72s  
  Ô£ô email verification status is unchanged when the email addresÔÇª 0.74s  
  Ô£ô user can delete their account                                 0.69s  
  Ô£ô correct password must be provided to delete account           0.73s  

   PASS  Tests\Feature\RssFeedTest
  Ô£ô rss feed returns latest posts                                 0.71s  

   PASS  Tests\Feature\SitemapTest
  Ô£ô sitemap includes published blog posts                         0.71s  

   PASS  Tests\Feature\TwoFactorAuthTest
  Ô£ô user can enable two factor                                    0.74s  
  Ô£ô user cannot enable when already enabled                       0.74s  
  Ô£ô user can disable two factor                                   0.81s  
  Ô£ô two factor model verifies code                                0.75s  
  Ô£ô backup codes are generated                                    0.72s  
  Ô£ô backup code can be consumed                                   0.71s  
  Ô£ô is enabled returns correct status                             0.67s  

   PASS  Tests\Feature\WebhookIdempotencyTest
  Ô£ô webhook is idempotent                                         0.71s  
  ÔöÇÔöÇÔöÇÔöÇÔöÇÔöÇÔöÇÔöÇÔöÇÔöÇÔöÇÔöÇÔöÇÔöÇÔöÇÔöÇÔöÇÔöÇÔöÇÔöÇÔöÇÔöÇÔöÇÔöÇÔöÇÔöÇÔöÇÔöÇÔöÇÔöÇÔöÇÔöÇÔöÇÔöÇÔöÇÔöÇÔöÇÔöÇÔöÇÔöÇÔöÇÔöÇÔöÇÔöÇÔöÇÔöÇÔöÇÔöÇÔöÇÔöÇÔöÇÔöÇÔöÇÔöÇÔöÇÔöÇÔöÇÔöÇÔöÇÔöÇÔöÇÔöÇÔöÇÔöÇÔöÇÔöÇÔöÇÔöÇÔöÇ  
   FAILED  Tests\Unit\Domain\Billing\CheckoutRequestTest >ÔÇª  TypeError   
  App\Domain\Billing\Data\CheckoutRequest::resolveMode(): Argument #1 ($plan) must be of type App\Domain\Billing\Data\Plan, array given, called in C:\Users\Heiner\Desktop\laravel-saas-starter\tests\Unit\Domain\Billing\CheckoutRequestTest.php on line 73

  at app\Domain\Billing\Data\CheckoutRequest.php:69
     65Ôûò      *
     66Ôûò      * @param  \App\Domain\Billing\Data\Plan  $plan  The plan configuration
     67Ôûò      * @return \App\Enums\PaymentMode
     68Ôûò      */
  Ô×£  69Ôûò     public function resolveMode(\App\Domain\Billing\Data\Plan $plan): PaymentMode
     70Ôûò     {
     71Ôûò         $prices = $plan->prices;
     72Ôûò         if (isset($prices[$this->priceKey])) {
     73Ôûò             $price = $prices[$this->priceKey];

  1   app\Domain\Billing\Data\CheckoutRequest.php:69
  2   tests\Unit\Domain\Billing\CheckoutRequestTest.php:73

  ÔöÇÔöÇÔöÇÔöÇÔöÇÔöÇÔöÇÔöÇÔöÇÔöÇÔöÇÔöÇÔöÇÔöÇÔöÇÔöÇÔöÇÔöÇÔöÇÔöÇÔöÇÔöÇÔöÇÔöÇÔöÇÔöÇÔöÇÔöÇÔöÇÔöÇÔöÇÔöÇÔöÇÔöÇÔöÇÔöÇÔöÇÔöÇÔöÇÔöÇÔöÇÔöÇÔöÇÔöÇÔöÇÔöÇÔöÇÔöÇÔöÇÔöÇÔöÇÔöÇÔöÇÔöÇÔöÇÔöÇÔöÇÔöÇÔöÇÔöÇÔöÇÔöÇÔöÇÔöÇÔöÇÔöÇÔöÇÔöÇÔöÇ  
   FAILED  Tests\Unit\Domain\Billing\CheckoutRequestTest >ÔÇª  TypeError   
  App\Domain\Billing\Data\CheckoutRequest::resolveMode(): Argument #1 ($plan) must be of type App\Domain\Billing\Data\Plan, array given, called in C:\Users\Heiner\Desktop\laravel-saas-starter\tests\Unit\Domain\Billing\CheckoutRequestTest.php on line 90

  at app\Domain\Billing\Data\CheckoutRequest.php:69
     65Ôûò      *
     66Ôûò      * @param  \App\Domain\Billing\Data\Plan  $plan  The plan configuration
     67Ôûò      * @return \App\Enums\PaymentMode
     68Ôûò      */
  Ô×£  69Ôûò     public function resolveMode(\App\Domain\Billing\Data\Plan $plan): PaymentMode
     70Ôûò     {
     71Ôûò         $prices = $plan->prices;
     72Ôûò         if (isset($prices[$this->priceKey])) {
     73Ôûò             $price = $prices[$this->priceKey];

  1   app\Domain\Billing\Data\CheckoutRequest.php:69
  2   tests\Unit\Domain\Billing\CheckoutRequestTest.php:90

  ÔöÇÔöÇÔöÇÔöÇÔöÇÔöÇÔöÇÔöÇÔöÇÔöÇÔöÇÔöÇÔöÇÔöÇÔöÇÔöÇÔöÇÔöÇÔöÇÔöÇÔöÇÔöÇÔöÇÔöÇÔöÇÔöÇÔöÇÔöÇÔöÇÔöÇÔöÇÔöÇÔöÇÔöÇÔöÇÔöÇÔöÇÔöÇÔöÇÔöÇÔöÇÔöÇÔöÇÔöÇÔöÇÔöÇÔöÇÔöÇÔöÇÔöÇÔöÇÔöÇÔöÇÔöÇÔöÇÔöÇÔöÇÔöÇÔöÇÔöÇÔöÇÔöÇÔöÇÔöÇÔöÇÔöÇÔöÇÔöÇÔöÇ  
   FAILED  Tests\Unit\Domain\Billing\CheckoutRequestTest >ÔÇª  TypeError   
  App\Domain\Billing\Data\CheckoutRequest::resolveMode(): Argument #1 ($plan) must be of type App\Domain\Billing\Data\Plan, array given, called in C:\Users\Heiner\Desktop\laravel-saas-starter\tests\Unit\Domain\Billing\CheckoutRequestTest.php on line 107

  at app\Domain\Billing\Data\CheckoutRequest.php:69
     65Ôûò      *
     66Ôûò      * @param  \App\Domain\Billing\Data\Plan  $plan  The plan configuration
     67Ôûò      * @return \App\Enums\PaymentMode
     68Ôûò      */
  Ô×£  69Ôûò     public function resolveMode(\App\Domain\Billing\Data\Plan $plan): PaymentMode
     70Ôûò     {
     71Ôûò         $prices = $plan->prices;
     72Ôûò         if (isset($prices[$this->priceKey])) {
     73Ôûò             $price = $prices[$this->priceKey];

  1   app\Domain\Billing\Data\CheckoutRequest.php:69
  2   tests\Unit\Domain\Billing\CheckoutRequestTest.php:107

  ÔöÇÔöÇÔöÇÔöÇÔöÇÔöÇÔöÇÔöÇÔöÇÔöÇÔöÇÔöÇÔöÇÔöÇÔöÇÔöÇÔöÇÔöÇÔöÇÔöÇÔöÇÔöÇÔöÇÔöÇÔöÇÔöÇÔöÇÔöÇÔöÇÔöÇÔöÇÔöÇÔöÇÔöÇÔöÇÔöÇÔöÇÔöÇÔöÇÔöÇÔöÇÔöÇÔöÇÔöÇÔöÇÔöÇÔöÇÔöÇÔöÇÔöÇÔöÇÔöÇÔöÇÔöÇÔöÇÔöÇÔöÇÔöÇÔöÇÔöÇÔöÇÔöÇÔöÇÔöÇÔöÇÔöÇÔöÇÔöÇÔöÇ  
   FAILED  Tests\Unit\Domain\Billing\EntitlementServiceTest >ÔÇª   Error   
  Class "App\Domain\Billing\Services\Entitlements" not found

  at tests\Unit\Domain\Billing\EntitlementServiceTest.php:31
     27Ôûò     public function it_caches_entitlements()
     28Ôûò     {
     29Ôûò         $user = User::factory()->create();
     30Ôûò         $cacheKey = "entitlements:user:{$user->id}";
  Ô×£  31Ôûò         $dummyEntitlements = new \App\Domain\Billing\Services\Entitlements([]);
     32Ôûò 
     33Ôûò         Cache::shouldReceive('remember')
     34Ôûò             ->once()
     35Ôûò             ->with($cacheKey, \Mockery::any(), \Mockery::any())

  1   tests\Unit\Domain\Billing\EntitlementServiceTest.php:31

  ÔöÇÔöÇÔöÇÔöÇÔöÇÔöÇÔöÇÔöÇÔöÇÔöÇÔöÇÔöÇÔöÇÔöÇÔöÇÔöÇÔöÇÔöÇÔöÇÔöÇÔöÇÔöÇÔöÇÔöÇÔöÇÔöÇÔöÇÔöÇÔöÇÔöÇÔöÇÔöÇÔöÇÔöÇÔöÇÔöÇÔöÇÔöÇÔöÇÔöÇÔöÇÔöÇÔöÇÔöÇÔöÇÔöÇÔöÇÔöÇÔöÇÔöÇÔöÇÔöÇÔöÇÔöÇÔöÇÔöÇÔöÇÔöÇÔöÇÔöÇÔöÇÔöÇÔöÇÔöÇÔöÇÔöÇÔöÇÔöÇÔöÇ  
   FAILED  Tests\Unit\Domain\Billing\ImportsÔÇª  MassAssignmentException   
  Add fillable property [provider_id] to allow mass assignment on [App\Domain\Billing\Models\Product].

  at vendor\laravel\framework\src\Illuminate\Database\Eloquent\Model.php:639
    635Ôûò 
    636Ôûò             if (isset(static::$discardedAttributeViolationCallback)) {
    637Ôûò                 call_user_func(static::$discardedAttributeViolationCallback, $this, $keys);
    638Ôûò             } else {
  Ô×£ 639Ôûò                 throw new MassAssignmentException(sprintf(
    640Ôûò                     'Add fillable property [%s] to allow mass assignment on [%s].',
    641Ôûò                     implode(', ', $keys),
    642Ôûò                     get_class($this)
    643Ôûò                 ));

  1   vendor\laravel\framework\src\Illuminate\Database\Eloquent\Model.php:639
  2   vendor\laravel\framework\src\Illuminate\Database\Eloquent\Model.php:713

  ÔöÇÔöÇÔöÇÔöÇÔöÇÔöÇÔöÇÔöÇÔöÇÔöÇÔöÇÔöÇÔöÇÔöÇÔöÇÔöÇÔöÇÔöÇÔöÇÔöÇÔöÇÔöÇÔöÇÔöÇÔöÇÔöÇÔöÇÔöÇÔöÇÔöÇÔöÇÔöÇÔöÇÔöÇÔöÇÔöÇÔöÇÔöÇÔöÇÔöÇÔöÇÔöÇÔöÇÔöÇÔöÇÔöÇÔöÇÔöÇÔöÇÔöÇÔöÇÔöÇÔöÇÔöÇÔöÇÔöÇÔöÇÔöÇÔöÇÔöÇÔöÇÔöÇÔöÇÔöÇÔöÇÔöÇÔöÇÔöÇÔöÇ  
   FAILED  Tests\Unit\Domain\Billing\SaasStatsServiceTest > calculateÔÇª   
  Failed asserting that 16.67 matches expected 20.0.

  at tests\Unit\Domain\Billing\SaasStatsServiceTest.php:123
    119Ôûò 
    120Ôûò         $churnRate = $this->service->calculateChurnRate();
    121Ôûò 
    122Ôûò         // 2 churned out of 10 = 20%
  Ô×£ 123Ôûò         $this->assertEquals(20.0, $churnRate);
    124Ôûò     }
    125Ôûò 
    126Ôûò     public function test_calculates_mrr_with_plans(): void
    127Ôûò     {

  1   tests\Unit\Domain\Billing\SaasStatsServiceTest.php:123

  ÔöÇÔöÇÔöÇÔöÇÔöÇÔöÇÔöÇÔöÇÔöÇÔöÇÔöÇÔöÇÔöÇÔöÇÔöÇÔöÇÔöÇÔöÇÔöÇÔöÇÔöÇÔöÇÔöÇÔöÇÔöÇÔöÇÔöÇÔöÇÔöÇÔöÇÔöÇÔöÇÔöÇÔöÇÔöÇÔöÇÔöÇÔöÇÔöÇÔöÇÔöÇÔöÇÔöÇÔöÇÔöÇÔöÇÔöÇÔöÇÔöÇÔöÇÔöÇÔöÇÔöÇÔöÇÔöÇÔöÇÔöÇÔöÇÔöÇÔöÇÔöÇÔöÇÔöÇÔöÇÔöÇÔöÇÔöÇÔöÇÔöÇ  
   FAILED  Tests\Unit\Domain\Billing\StripePriceHandlerTest >ÔÇª   Error   
  Class "App\Domain\Billing\Adapters\Stripe\Handlers\StripePriceHandler" not found

  at tests\Unit\Domain\Billing\StripePriceHandlerTest.php:21
     17Ôûò 
     18Ôûò     protected function setUp(): void
     19Ôûò     {
     20Ôûò         parent::setUp();
  Ô×£  21Ôûò         $this->handler = new StripePriceHandler;
     22Ôûò     }
     23Ôûò 
     24Ôûò     public function test_handles_price_created_event(): void
     25Ôûò     {

  1   tests\Unit\Domain\Billing\StripePriceHandlerTest.php:21

  ÔöÇÔöÇÔöÇÔöÇÔöÇÔöÇÔöÇÔöÇÔöÇÔöÇÔöÇÔöÇÔöÇÔöÇÔöÇÔöÇÔöÇÔöÇÔöÇÔöÇÔöÇÔöÇÔöÇÔöÇÔöÇÔöÇÔöÇÔöÇÔöÇÔöÇÔöÇÔöÇÔöÇÔöÇÔöÇÔöÇÔöÇÔöÇÔöÇÔöÇÔöÇÔöÇÔöÇÔöÇÔöÇÔöÇÔöÇÔöÇÔöÇÔöÇÔöÇÔöÇÔöÇÔöÇÔöÇÔöÇÔöÇÔöÇÔöÇÔöÇÔöÇÔöÇÔöÇÔöÇÔöÇÔöÇÔöÇÔöÇÔöÇ  
   FAILED  Tests\Unit\Domain\Billing\StripePriceHandlerTest >ÔÇª   Error   
  Class "App\Domain\Billing\Adapters\Stripe\Handlers\StripePriceHandler" not found

  at tests\Unit\Domain\Billing\StripePriceHandlerTest.php:21
     17Ôûò 
     18Ôûò     protected function setUp(): void
     19Ôûò     {
     20Ôûò         parent::setUp();
  Ô×£  21Ôûò         $this->handler = new StripePriceHandler;
     22Ôûò     }
     23Ôûò 
     24Ôûò     public function test_handles_price_created_event(): void
     25Ôûò     {

  1   tests\Unit\Domain\Billing\StripePriceHandlerTest.php:21

  ÔöÇÔöÇÔöÇÔöÇÔöÇÔöÇÔöÇÔöÇÔöÇÔöÇÔöÇÔöÇÔöÇÔöÇÔöÇÔöÇÔöÇÔöÇÔöÇÔöÇÔöÇÔöÇÔöÇÔöÇÔöÇÔöÇÔöÇÔöÇÔöÇÔöÇÔöÇÔöÇÔöÇÔöÇÔöÇÔöÇÔöÇÔöÇÔöÇÔöÇÔöÇÔöÇÔöÇÔöÇÔöÇÔöÇÔöÇÔöÇÔöÇÔöÇÔöÇÔöÇÔöÇÔöÇÔöÇÔöÇÔöÇÔöÇÔöÇÔöÇÔöÇÔöÇÔöÇÔöÇÔöÇÔöÇÔöÇÔöÇÔöÇ  
   FAILED  Tests\Unit\Domain\Billing\StripePriceHandlerTest >ÔÇª   Error   
  Class "App\Domain\Billing\Adapters\Stripe\Handlers\StripePriceHandler" not found

  at tests\Unit\Domain\Billing\StripePriceHandlerTest.php:21
     17Ôûò 
     18Ôûò     protected function setUp(): void
     19Ôûò     {
     20Ôûò         parent::setUp();
  Ô×£  21Ôûò         $this->handler = new StripePriceHandler;
     22Ôûò     }
     23Ôûò 
     24Ôûò     public function test_handles_price_created_event(): void
     25Ôûò     {

  1   tests\Unit\Domain\Billing\StripePriceHandlerTest.php:21

  ÔöÇÔöÇÔöÇÔöÇÔöÇÔöÇÔöÇÔöÇÔöÇÔöÇÔöÇÔöÇÔöÇÔöÇÔöÇÔöÇÔöÇÔöÇÔöÇÔöÇÔöÇÔöÇÔöÇÔöÇÔöÇÔöÇÔöÇÔöÇÔöÇÔöÇÔöÇÔöÇÔöÇÔöÇÔöÇÔöÇÔöÇÔöÇÔöÇÔöÇÔöÇÔöÇÔöÇÔöÇÔöÇÔöÇÔöÇÔöÇÔöÇÔöÇÔöÇÔöÇÔöÇÔöÇÔöÇÔöÇÔöÇÔöÇÔöÇÔöÇÔöÇÔöÇÔöÇÔöÇÔöÇÔöÇÔöÇÔöÇÔöÇ  
   FAILED  Tests\Unit\Domain\Billing\StripePriceHandlerTest >ÔÇª   Error   
  Class "App\Domain\Billing\Adapters\Stripe\Handlers\StripePriceHandler" not found

  at tests\Unit\Domain\Billing\StripePriceHandlerTest.php:21
     17Ôûò 
     18Ôûò     protected function setUp(): void
     19Ôûò     {
     20Ôûò         parent::setUp();
  Ô×£  21Ôûò         $this->handler = new StripePriceHandler;
     22Ôûò     }
     23Ôûò 
     24Ôûò     public function test_handles_price_created_event(): void
     25Ôûò     {

  1   tests\Unit\Domain\Billing\StripePriceHandlerTest.php:21

  ÔöÇÔöÇÔöÇÔöÇÔöÇÔöÇÔöÇÔöÇÔöÇÔöÇÔöÇÔöÇÔöÇÔöÇÔöÇÔöÇÔöÇÔöÇÔöÇÔöÇÔöÇÔöÇÔöÇÔöÇÔöÇÔöÇÔöÇÔöÇÔöÇÔöÇÔöÇÔöÇÔöÇÔöÇÔöÇÔöÇÔöÇÔöÇÔöÇÔöÇÔöÇÔöÇÔöÇÔöÇÔöÇÔöÇÔöÇÔöÇÔöÇÔöÇÔöÇÔöÇÔöÇÔöÇÔöÇÔöÇÔöÇÔöÇÔöÇÔöÇÔöÇÔöÇÔöÇÔöÇÔöÇÔöÇÔöÇÔöÇÔöÇ  
   FAILED  Tests\Unit\Domain\Billing\StripeProductHandlerTestÔÇª   Error   
  Class "App\Domain\Billing\Adapters\Stripe\Handlers\StripeProductHandler" not found

  at tests\Unit\Domain\Billing\StripeProductHandlerTest.php:20
     16Ôûò 
     17Ôûò     protected function setUp(): void
     18Ôûò     {
     19Ôûò         parent::setUp();
  Ô×£  20Ôûò         $this->handler = new StripeProductHandler;
     21Ôûò     }
     22Ôûò 
     23Ôûò     public function test_handles_product_created_event(): void
     24Ôûò     {

  1   tests\Unit\Domain\Billing\StripeProductHandlerTest.php:20

  ÔöÇÔöÇÔöÇÔöÇÔöÇÔöÇÔöÇÔöÇÔöÇÔöÇÔöÇÔöÇÔöÇÔöÇÔöÇÔöÇÔöÇÔöÇÔöÇÔöÇÔöÇÔöÇÔöÇÔöÇÔöÇÔöÇÔöÇÔöÇÔöÇÔöÇÔöÇÔöÇÔöÇÔöÇÔöÇÔöÇÔöÇÔöÇÔöÇÔöÇÔöÇÔöÇÔöÇÔöÇÔöÇÔöÇÔöÇÔöÇÔöÇÔöÇÔöÇÔöÇÔöÇÔöÇÔöÇÔöÇÔöÇÔöÇÔöÇÔöÇÔöÇÔöÇÔöÇÔöÇÔöÇÔöÇÔöÇÔöÇÔöÇ  
   FAILED  Tests\Unit\Domain\Billing\StripeProductHandlerTestÔÇª   Error   
  Class "App\Domain\Billing\Adapters\Stripe\Handlers\StripeProductHandler" not found

  at tests\Unit\Domain\Billing\StripeProductHandlerTest.php:20
     16Ôûò 
     17Ôûò     protected function setUp(): void
     18Ôûò     {
     19Ôûò         parent::setUp();
  Ô×£  20Ôûò         $this->handler = new StripeProductHandler;
     21Ôûò     }
     22Ôûò 
     23Ôûò     public function test_handles_product_created_event(): void
     24Ôûò     {

  1   tests\Unit\Domain\Billing\StripeProductHandlerTest.php:20

  ÔöÇÔöÇÔöÇÔöÇÔöÇÔöÇÔöÇÔöÇÔöÇÔöÇÔöÇÔöÇÔöÇÔöÇÔöÇÔöÇÔöÇÔöÇÔöÇÔöÇÔöÇÔöÇÔöÇÔöÇÔöÇÔöÇÔöÇÔöÇÔöÇÔöÇÔöÇÔöÇÔöÇÔöÇÔöÇÔöÇÔöÇÔöÇÔöÇÔöÇÔöÇÔöÇÔöÇÔöÇÔöÇÔöÇÔöÇÔöÇÔöÇÔöÇÔöÇÔöÇÔöÇÔöÇÔöÇÔöÇÔöÇÔöÇÔöÇÔöÇÔöÇÔöÇÔöÇÔöÇÔöÇÔöÇÔöÇÔöÇÔöÇ  
   FAILED  Tests\Unit\Domain\Billing\StripeProductHandlerTestÔÇª   Error   
  Class "App\Domain\Billing\Adapters\Stripe\Handlers\StripeProductHandler" not found

  at tests\Unit\Domain\Billing\StripeProductHandlerTest.php:20
     16Ôûò 
     17Ôûò     protected function setUp(): void
     18Ôûò     {
     19Ôûò         parent::setUp();
  Ô×£  20Ôûò         $this->handler = new StripeProductHandler;
     21Ôûò     }
     22Ôûò 
     23Ôûò     public function test_handles_product_created_event(): void
     24Ôûò     {

  1   tests\Unit\Domain\Billing\StripeProductHandlerTest.php:20

  ÔöÇÔöÇÔöÇÔöÇÔöÇÔöÇÔöÇÔöÇÔöÇÔöÇÔöÇÔöÇÔöÇÔöÇÔöÇÔöÇÔöÇÔöÇÔöÇÔöÇÔöÇÔöÇÔöÇÔöÇÔöÇÔöÇÔöÇÔöÇÔöÇÔöÇÔöÇÔöÇÔöÇÔöÇÔöÇÔöÇÔöÇÔöÇÔöÇÔöÇÔöÇÔöÇÔöÇÔöÇÔöÇÔöÇÔöÇÔöÇÔöÇÔöÇÔöÇÔöÇÔöÇÔöÇÔöÇÔöÇÔöÇÔöÇÔöÇÔöÇÔöÇÔöÇÔöÇÔöÇÔöÇÔöÇÔöÇÔöÇÔöÇ  
   FAILED  Tests\Unit\Domain\Billing\StripeProductHandlerTestÔÇª   Error   
  Class "App\Domain\Billing\Adapters\Stripe\Handlers\StripeProductHandler" not found

  at tests\Unit\Domain\Billing\StripeProductHandlerTest.php:20
     16Ôûò 
     17Ôûò     protected function setUp(): void
     18Ôûò     {
     19Ôûò         parent::setUp();
  Ô×£  20Ôûò         $this->handler = new StripeProductHandler;
     21Ôûò     }
     22Ôûò 
     23Ôûò     public function test_handles_product_created_event(): void
     24Ôûò     {

  1   tests\Unit\Domain\Billing\StripeProductHandlerTest.php:20

  ÔöÇÔöÇÔöÇÔöÇÔöÇÔöÇÔöÇÔöÇÔöÇÔöÇÔöÇÔöÇÔöÇÔöÇÔöÇÔöÇÔöÇÔöÇÔöÇÔöÇÔöÇÔöÇÔöÇÔöÇÔöÇÔöÇÔöÇÔöÇÔöÇÔöÇÔöÇÔöÇÔöÇÔöÇÔöÇÔöÇÔöÇÔöÇÔöÇÔöÇÔöÇÔöÇÔöÇÔöÇÔöÇÔöÇÔöÇÔöÇÔöÇÔöÇÔöÇÔöÇÔöÇÔöÇÔöÇÔöÇÔöÇÔöÇÔöÇÔöÇÔöÇÔöÇÔöÇÔöÇÔöÇÔöÇÔöÇÔöÇÔöÇ  
   FAILED  Tests\Unit\Domain\Billing\StripeProductHandlerTestÔÇª   Error   
  Class "App\Domain\Billing\Adapters\Stripe\Handlers\StripeProductHandler" not found

  at tests\Unit\Domain\Billing\StripeProductHandlerTest.php:20
     16Ôûò 
     17Ôûò     protected function setUp(): void
     18Ôûò     {
     19Ôûò         parent::setUp();
  Ô×£  20Ôûò         $this->handler = new StripeProductHandler;
     21Ôûò     }
     22Ôûò 
     23Ôûò     public function test_handles_product_created_event(): void
     24Ôûò     {

  1   tests\Unit\Domain\Billing\StripeProductHandlerTest.php:20

  ÔöÇÔöÇÔöÇÔöÇÔöÇÔöÇÔöÇÔöÇÔöÇÔöÇÔöÇÔöÇÔöÇÔöÇÔöÇÔöÇÔöÇÔöÇÔöÇÔöÇÔöÇÔöÇÔöÇÔöÇÔöÇÔöÇÔöÇÔöÇÔöÇÔöÇÔöÇÔöÇÔöÇÔöÇÔöÇÔöÇÔöÇÔöÇÔöÇÔöÇÔöÇÔöÇÔöÇÔöÇÔöÇÔöÇÔöÇÔöÇÔöÇÔöÇÔöÇÔöÇÔöÇÔöÇÔöÇÔöÇÔöÇÔöÇÔöÇÔöÇÔöÇÔöÇÔöÇÔöÇÔöÇÔöÇÔöÇÔöÇÔöÇ  
   FAILED  Tests\Feature\Billing\SubscriptionÔÇª  BadMethodCallException   
  Call to undefined method App\Domain\Billing\Models\PriceProviderMapping::factory()

  at vendor\laravel\framework\src\Illuminate\Support\Traits\ForwardsCalls.php:67
     63Ôûò      * @throws \BadMethodCallException
     64Ôûò      */
     65Ôûò     protected static function throwBadMethodCallException($method)
     66Ôûò     {
  Ô×£  67Ôûò         throw new BadMethodCallException(sprintf(
     68Ôûò             'Call to undefined method %s::%s()', static::class, $method
     69Ôûò         ));
     70Ôûò     }
     71Ôûò }

  1   vendor\laravel\framework\src\Illuminate\Support\Traits\ForwardsCalls.php:67
  2   vendor\laravel\framework\src\Illuminate\Support\Traits\ForwardsCalls.php:36

  ÔöÇÔöÇÔöÇÔöÇÔöÇÔöÇÔöÇÔöÇÔöÇÔöÇÔöÇÔöÇÔöÇÔöÇÔöÇÔöÇÔöÇÔöÇÔöÇÔöÇÔöÇÔöÇÔöÇÔöÇÔöÇÔöÇÔöÇÔöÇÔöÇÔöÇÔöÇÔöÇÔöÇÔöÇÔöÇÔöÇÔöÇÔöÇÔöÇÔöÇÔöÇÔöÇÔöÇÔöÇÔöÇÔöÇÔöÇÔöÇÔöÇÔöÇÔöÇÔöÇÔöÇÔöÇÔöÇÔöÇÔöÇÔöÇÔöÇÔöÇÔöÇÔöÇÔöÇÔöÇÔöÇÔöÇÔöÇÔöÇÔöÇ  
   FAILED  Tests\Feature\ProfileTest > profile page is displayed         
  Expected response status code [200] but received 500.
Failed asserting that 500 is identical to 200.

The following exception occurred during the last request:

Illuminate\Database\Eloquent\MissingAttributeException: The attribute [is_admin] either does not exist or was not retrieved for model [App\Models\User]. in C:\Users\Heiner\Desktop\laravel-saas-starter\vendor\laravel\framework\src\Illuminate\Database\Eloquent\Concerns\HasAttributes.php:515
Stack trace:
#0 C:\Users\Heiner\Desktop\laravel-saas-starter\vendor\laravel\framework\src\Illuminate\Database\Eloquent\Concerns\HasAttributes.php(2347): Illuminate\Database\Eloquent\Model->throwMissingAttributeExceptionIfApplicable('is_admin')
#1 C:\Users\Heiner\Desktop\laravel-saas-starter\vendor\laravel\framework\src\Illuminate\Database\Eloquent\Concerns\HasAttributes.php(529): Illuminate\Database\Eloquent\Model->transformModelValue('is_admin', NULL)
#2 C:\Users\Heiner\Desktop\laravel-saas-starter\vendor\laravel\framework\src\Illuminate\Database\Eloquent\Concerns\HasAttributes.php(483): Illuminate\Database\Eloquent\Model->getAttributeValue('is_admin')
#3 C:\Users\Heiner\Desktop\laravel-saas-starter\vendor\laravel\framework\src\Illuminate\Database\Eloquent\Model.php(2423): Illuminate\Database\Eloquent\Model->getAttribute('is_admin')
#4 C:\Users\Heiner\Desktop\laravel-saas-starter\storage\framework\views\5db882c6ab67e295b9dcd69afea0bbe1.php(173): Illuminate\Database\Eloquent\Model->__get('is_admin')
#5 C:\Users\Heiner\Desktop\laravel-saas-starter\vendor\laravel\framework\src\Illuminate\Filesystem\Filesystem.php(123): require('C:\\Users\\Heiner...')
#6 C:\Users\Heiner\Desktop\laravel-saas-starter\vendor\laravel\framework\src\Illuminate\Filesystem\Filesystem.php(124): Illuminate\Filesystem\Filesystem::{closure:Illuminate\Filesystem\Filesystem::getRequire():120}()
#7 C:\Users\Heiner\Desktop\laravel-saas-starter\vendor\laravel\framework\src\Illuminate\View\Engines\PhpEngine.php(57): Illuminate\Filesystem\Filesystem->getRequire('C:\\Users\\Heiner...', Array)
#8 C:\Users\Heiner\Desktop\laravel-saas-starter\vendor\livewire\livewire\src\Mechanisms\ExtendBlade\ExtendedCompilerEngine.php(22): Illuminate\View\Engines\PhpEngine->evaluatePath('C:\\Users\\Heiner...', Array)
#9 C:\Users\Heiner\Desktop\laravel-saas-starter\vendor\laravel\framework\src\Illuminate\View\Engines\CompilerEngine.php(76): Livewire\Mechanisms\ExtendBlade\ExtendedCompilerEngine->evaluatePath('C:\\Users\\Heiner...', Array)
#10 C:\Users\Heiner\Desktop\laravel-saas-starter\vendor\livewire\livewire\src\Mechanisms\ExtendBlade\ExtendedCompilerEngine.php(10): Illuminate\View\Engines\CompilerEngine->get('C:\\Users\\Heiner...', Array)
#11 C:\Users\Heiner\Desktop\laravel-saas-starter\vendor\laravel\framework\src\Illuminate\View\View.php(208): Livewire\Mechanisms\ExtendBlade\ExtendedCompilerEngine->get('C:\\Users\\Heiner...', Array)
#12 C:\Users\Heiner\Desktop\laravel-saas-starter\vendor\laravel\framework\src\Illuminate\View\View.php(191): Illuminate\View\View->getContents()
#13 C:\Users\Heiner\Desktop\laravel-saas-starter\vendor\laravel\framework\src\Illuminate\View\View.php(160): Illuminate\View\View->renderContents()
#14 C:\Users\Heiner\Desktop\laravel-saas-starter\storage\framework\views\0cf5a9751581195a0b5627c1264ced7a.php(67): Illuminate\View\View->render()
#15 C:\Users\Heiner\Desktop\laravel-saas-starter\vendor\laravel\framework\src\Illuminate\Filesystem\Filesystem.php(123): require('C:\\Users\\Heiner...')
#16 C:\Users\Heiner\Desktop\laravel-saas-starter\vendor\laravel\framework\src\Illuminate\Filesystem\Filesystem.php(124): Illuminate\Filesystem\Filesystem::{closure:Illuminate\Filesystem\Filesystem::getRequire():120}()
#17 C:\Users\Heiner\Desktop\laravel-saas-starter\vendor\laravel\framework\src\Illuminate\View\Engines\PhpEngine.php(57): Illuminate\Filesystem\Filesystem->getRequire('C:\\Users\\Heiner...', Array)
#18 C:\Users\Heiner\Desktop\laravel-saas-starter\vendor\livewire\livewire\src\Mechanisms\ExtendBlade\ExtendedCompilerEngine.php(22): Illuminate\View\Engines\PhpEngine->evaluatePath('C:\\Users\\Heiner...', Array)
#19 C:\Users\Heiner\Desktop\laravel-saas-starter\vendor\laravel\framework\src\Illuminate\View\Engines\CompilerEngine.php(76): Livewire\Mechanisms\ExtendBlade\ExtendedCompilerEngine->evaluatePath('C:\\Users\\Heiner...', Array)
#20 C:\Users\Heiner\Desktop\laravel-saas-starter\vendor\livewire\livewire\src\Mechanisms\ExtendBlade\ExtendedCompilerEngine.php(10): Illuminate\View\Engines\CompilerEngine->get('C:\\Users\\Heiner...', Array)
#21 C:\Users\Heiner\Desktop\laravel-saas-starter\vendor\laravel\framework\src\Illuminate\View\View.php(208): Livewire\Mechanisms\ExtendBlade\ExtendedCompilerEngine->get('C:\\Users\\Heiner...', Array)
#22 C:\Users\Heiner\Desktop\laravel-saas-starter\vendor\laravel\framework\src\Illuminate\View\View.php(191): Illuminate\View\View->getContents()
#23 C:\Users\Heiner\Desktop\laravel-saas-starter\vendor\laravel\framework\src\Illuminate\View\View.php(160): Illuminate\View\View->renderContents()
#24 C:\Users\Heiner\Desktop\laravel-saas-starter\vendor\laravel\framework\src\Illuminate\View\Concerns\ManagesComponents.php(99): Illuminate\View\View->render()
#25 C:\Users\Heiner\Desktop\laravel-saas-starter\storage\framework\views\17fc49b3ecd8881634291fe442ad9ec0.php(124): Illuminate\View\Factory->renderComponent()
#26 C:\Users\Heiner\Desktop\laravel-saas-starter\vendor\laravel\framework\src\Illuminate\Filesystem\Filesystem.php(123): require('C:\\Users\\Heiner...')
#27 C:\Users\Heiner\Desktop\laravel-saas-starter\vendor\laravel\framework\src\Illuminate\Filesystem\Filesystem.php(124): Illuminate\Filesystem\Filesystem::{closure:Illuminate\Filesystem\Filesystem::getRequire():120}()
#28 C:\Users\Heiner\Desktop\laravel-saas-starter\vendor\laravel\framework\src\Illuminate\View\Engines\PhpEngine.php(57): Illuminate\Filesystem\Filesystem->getRequire('C:\\Users\\Heiner...', Array)
#29 C:\Users\Heiner\Desktop\laravel-saas-starter\vendor\livewire\livewire\src\Mechanisms\ExtendBlade\ExtendedCompilerEngine.php(22): Illuminate\View\Engines\PhpEngine->evaluatePath('C:\\Users\\Heiner...', Array)
#30 C:\Users\Heiner\Desktop\laravel-saas-starter\vendor\laravel\framework\src\Illuminate\View\Engines\CompilerEngine.php(76): Livewire\Mechanisms\ExtendBlade\ExtendedCompilerEngine->evaluatePath('C:\\Users\\Heiner...', Array)
#31 C:\Users\Heiner\Desktop\laravel-saas-starter\vendor\livewire\livewire\src\Mechanisms\ExtendBlade\ExtendedCompilerEngine.php(10): Illuminate\View\Engines\CompilerEngine->get('C:\\Users\\Heiner...', Array)
#32 C:\Users\Heiner\Desktop\laravel-saas-starter\vendor\laravel\framework\src\Illuminate\View\View.php(208): Livewire\Mechanisms\ExtendBlade\ExtendedCompilerEngine->get('C:\\Users\\Heiner...', Array)
#33 C:\Users\Heiner\Desktop\laravel-saas-starter\vendor\laravel\framework\src\Illuminate\View\View.php(191): Illuminate\View\View->getContents()
#34 C:\Users\Heiner\Desktop\laravel-saas-starter\vendor\laravel\framework\src\Illuminate\View\View.php(160): Illuminate\View\View->renderContents()
#35 C:\Users\Heiner\Desktop\laravel-saas-starter\vendor\laravel\framework\src\Illuminate\Http\Response.php(78): Illuminate\View\View->render()
#36 C:\Users\Heiner\Desktop\laravel-saas-starter\vendor\laravel\framework\src\Illuminate\Http\Response.php(34): Illuminate\Http\Response->setContent(Object(Illuminate\View\View))
#37 C:\Users\Heiner\Desktop\laravel-saas-starter\vendor\laravel\framework\src\Illuminate\Routing\Router.php(939): Illuminate\Http\Response->__construct(Object(Illuminate\View\View), 200, Array)
#38 C:\Users\Heiner\Desktop\laravel-saas-starter\vendor\laravel\framework\src\Illuminate\Routing\Router.php(906): Illuminate\Routing\Router::toResponse(Object(Illuminate\Http\Request), Object(Illuminate\View\View))
#39 C:\Users\Heiner\Desktop\laravel-saas-starter\vendor\laravel\framework\src\Illuminate\Routing\Router.php(821): Illuminate\Routing\Router->prepareResponse(Object(Illuminate\Http\Request), Object(Illuminate\View\View))
#40 C:\Users\Heiner\Desktop\laravel-saas-starter\vendor\laravel\framework\src\Illuminate\Pipeline\Pipeline.php(180): Illuminate\Routing\Router->{closure:Illuminate\Routing\Router::runRouteWithinStack():821}(Object(Illuminate\Http\Request))
#41 C:\Users\Heiner\Desktop\laravel-saas-starter\vendor\barryvdh\laravel-debugbar\src\Middleware\InjectDebugbar.php(59): Illuminate\Pipeline\Pipeline->{closure:Illuminate\Pipeline\Pipeline::prepareDestination():178}(Object(Illuminate\Http\Request))
#42 C:\Users\Heiner\Desktop\laravel-saas-starter\vendor\laravel\framework\src\Illuminate\Pipeline\Pipeline.php(219): Barryvdh\Debugbar\Middleware\InjectDebugbar->handle(Object(Illuminate\Http\Request), Object(Closure))
#43 C:\Users\Heiner\Desktop\laravel-saas-starter\app\Http\Middleware\EnsureOnboardingComplete.php(20): Illuminate\Pipeline\Pipeline->{closure:{closure:Illuminate\Pipeline\Pipeline::carry():194}:195}(Object(Illuminate\Http\Request))
#44 C:\Users\Heiner\Desktop\laravel-saas-starter\vendor\laravel\framework\src\Illuminate\Pipeline\Pipeline.php(219): App\Http\Middleware\EnsureOnboardingComplete->handle(Object(Illuminate\Http\Request), Object(Closure))
#45 C:\Users\Heiner\Desktop\laravel-saas-starter\app\Http\Middleware\SetLocale.php(34): Illuminate\Pipeline\Pipeline->{closure:{closure:Illuminate\Pipeline\Pipeline::carry():194}:195}(Object(Illuminate\Http\Request))
#46 C:\Users\Heiner\Desktop\laravel-saas-starter\vendor\laravel\framework\src\Illuminate\Pipeline\Pipeline.php(219): App\Http\Middleware\SetLocale->handle(Object(Illuminate\Http\Request), Object(Closure))
#47 C:\Users\Heiner\Desktop\laravel-saas-starter\app\Http\Middleware\SecurityHeaders.php(41): Illuminate\Pipeline\Pipeline->{closure:{closure:Illuminate\Pipeline\Pipeline::carry():194}:195}(Object(Illuminate\Http\Request))
#48 C:\Users\Heiner\Desktop\laravel-saas-starter\vendor\laravel\framework\src\Illuminate\Pipeline\Pipeline.php(219): App\Http\Middleware\SecurityHeaders->handle(Object(Illuminate\Http\Request), Object(Closure))
#49 C:\Users\Heiner\Desktop\laravel-saas-starter\vendor\laravel\framework\src\Illuminate\Routing\Middleware\SubstituteBindings.php(50): Illuminate\Pipeline\Pipeline->{closure:{closure:Illuminate\Pipeline\Pipeline::carry():194}:195}(Object(Illuminate\Http\Request))
#50 C:\Users\Heiner\Desktop\laravel-saas-starter\vendor\laravel\framework\src\Illuminate\Pipeline\Pipeline.php(219): Illuminate\Routing\Middleware\SubstituteBindings->handle(Object(Illuminate\Http\Request), Object(Closure))
#51 C:\Users\Heiner\Desktop\laravel-saas-starter\vendor\laravel\framework\src\Illuminate\Auth\Middleware\Authenticate.php(63): Illuminate\Pipeline\Pipeline->{closure:{closure:Illuminate\Pipeline\Pipeline::carry():194}:195}(Object(Illuminate\Http\Request))
#52 C:\Users\Heiner\Desktop\laravel-saas-starter\vendor\laravel\framework\src\Illuminate\Pipeline\Pipeline.php(219): Illuminate\Auth\Middleware\Authenticate->handle(Object(Illuminate\Http\Request), Object(Closure))
#53 C:\Users\Heiner\Desktop\laravel-saas-starter\vendor\laravel\framework\src\Illuminate\Foundation\Http\Middleware\VerifyCsrfToken.php(87): Illuminate\Pipeline\Pipeline->{closure:{closure:Illuminate\Pipeline\Pipeline::carry():194}:195}(Object(Illuminate\Http\Request))
#54 C:\Users\Heiner\Desktop\laravel-saas-starter\vendor\laravel\framework\src\Illuminate\Pipeline\Pipeline.php(219): Illuminate\Foundation\Http\Middleware\VerifyCsrfToken->handle(Object(Illuminate\Http\Request), Object(Closure))
#55 C:\Users\Heiner\Desktop\laravel-saas-starter\vendor\laravel\framework\src\Illuminate\View\Middleware\ShareErrorsFromSession.php(48): Illuminate\Pipeline\Pipeline->{closure:{closure:Illuminate\Pipeline\Pipeline::carry():194}:195}(Object(Illuminate\Http\Request))
#56 C:\Users\Heiner\Desktop\laravel-saas-starter\vendor\laravel\framework\src\Illuminate\Pipeline\Pipeline.php(219): Illuminate\View\Middleware\ShareErrorsFromSession->handle(Object(Illuminate\Http\Request), Object(Closure))
#57 C:\Users\Heiner\Desktop\laravel-saas-starter\vendor\laravel\framework\src\Illuminate\Session\Middleware\StartSession.php(120): Illuminate\Pipeline\Pipeline->{closure:{closure:Illuminate\Pipeline\Pipeline::carry():194}:195}(Object(Illuminate\Http\Request))
#58 C:\Users\Heiner\Desktop\laravel-saas-starter\vendor\laravel\framework\src\Illuminate\Session\Middleware\StartSession.php(63): Illuminate\Session\Middleware\StartSession->handleStatefulRequest(Object(Illuminate\Http\Request), Object(Illuminate\Session\Store), Object(Closure))
#59 C:\Users\Heiner\Desktop\laravel-saas-starter\vendor\laravel\framework\src\Illuminate\Pipeline\Pipeline.php(219): Illuminate\Session\Middleware\StartSession->handle(Object(Illuminate\Http\Request), Object(Closure))
#60 C:\Users\Heiner\Desktop\laravel-saas-starter\vendor\laravel\framework\src\Illuminate\Cookie\Middleware\AddQueuedCookiesToResponse.php(36): Illuminate\Pipeline\Pipeline->{closure:{closure:Illuminate\Pipeline\Pipeline::carry():194}:195}(Object(Illuminate\Http\Request))
#61 C:\Users\Heiner\Desktop\laravel-saas-starter\vendor\laravel\framework\src\Illuminate\Pipeline\Pipeline.php(219): Illuminate\Cookie\Middleware\AddQueuedCookiesToResponse->handle(Object(Illuminate\Http\Request), Object(Closure))
#62 C:\Users\Heiner\Desktop\laravel-saas-starter\vendor\laravel\framework\src\Illuminate\Cookie\Middleware\EncryptCookies.php(74): Illuminate\Pipeline\Pipeline->{closure:{closure:Illuminate\Pipeline\Pipeline::carry():194}:195}(Object(Illuminate\Http\Request))
#63 C:\Users\Heiner\Desktop\laravel-saas-starter\vendor\laravel\framework\src\Illuminate\Pipeline\Pipeline.php(219): Illuminate\Cookie\Middleware\EncryptCookies->handle(Object(Illuminate\Http\Request), Object(Closure))
#64 C:\Users\Heiner\Desktop\laravel-saas-starter\vendor\laravel\framework\src\Illuminate\Pipeline\Pipeline.php(137): Illuminate\Pipeline\Pipeline->{closure:{closure:Illuminate\Pipeline\Pipeline::carry():194}:195}(Object(Illuminate\Http\Request))
#65 C:\Users\Heiner\Desktop\laravel-saas-starter\vendor\laravel\framework\src\Illuminate\Routing\Router.php(821): Illuminate\Pipeline\Pipeline->then(Object(Closure))
#66 C:\Users\Heiner\Desktop\laravel-saas-starter\vendor\laravel\framework\src\Illuminate\Routing\Router.php(800): Illuminate\Routing\Router->runRouteWithinStack(Object(Illuminate\Routing\Route), Object(Illuminate\Http\Request))
#67 C:\Users\Heiner\Desktop\laravel-saas-starter\vendor\laravel\framework\src\Illuminate\Routing\Router.php(764): Illuminate\Routing\Router->runRoute(Object(Illuminate\Http\Request), Object(Illuminate\Routing\Route))
#68 C:\Users\Heiner\Desktop\laravel-saas-starter\vendor\laravel\framework\src\Illuminate\Routing\Router.php(753): Illuminate\Routing\Router->dispatchToRoute(Object(Illuminate\Http\Request))
#69 C:\Users\Heiner\Desktop\laravel-saas-starter\vendor\laravel\framework\src\Illuminate\Foundation\Http\Kernel.php(200): Illuminate\Routing\Router->dispatch(Object(Illuminate\Http\Request))
#70 C:\Users\Heiner\Desktop\laravel-saas-starter\vendor\laravel\framework\src\Illuminate\Pipeline\Pipeline.php(180): Illuminate\Foundation\Http\Kernel->{closure:Illuminate\Foundation\Http\Kernel::dispatchToRouter():197}(Object(Illuminate\Http\Request))
#71 C:\Users\Heiner\Desktop\laravel-saas-starter\vendor\livewire\livewire\src\Features\SupportDisablingBackButtonCache\DisableBackButtonCacheMiddleware.php(19): Illuminate\Pipeline\Pipeline->{closure:Illuminate\Pipeline\Pipeline::prepareDestination():178}(Object(Illuminate\Http\Request))
#72 C:\Users\Heiner\Desktop\laravel-saas-starter\vendor\laravel\framework\src\Illuminate\Pipeline\Pipeline.php(219): Livewire\Features\SupportDisablingBackButtonCache\DisableBackButtonCacheMiddleware->handle(Object(Illuminate\Http\Request), Object(Closure))
#73 C:\Users\Heiner\Desktop\laravel-saas-starter\vendor\barryvdh\laravel-debugbar\src\Middleware\InjectDebugbar.php(59): Illuminate\Pipeline\Pipeline->{closure:{closure:Illuminate\Pipeline\Pipeline::carry():194}:195}(Object(Illuminate\Http\Request))
#74 C:\Users\Heiner\Desktop\laravel-saas-starter\vendor\laravel\framework\src\Illuminate\Pipeline\Pipeline.php(219): Barryvdh\Debugbar\Middleware\InjectDebugbar->handle(Object(Illuminate\Http\Request), Object(Closure))
#75 C:\Users\Heiner\Desktop\laravel-saas-starter\vendor\laravel\framework\src\Illuminate\Foundation\Http\Middleware\TransformsRequest.php(21): Illuminate\Pipeline\Pipeline->{closure:{closure:Illuminate\Pipeline\Pipeline::carry():194}:195}(Object(Illuminate\Http\Request))
#76 C:\Users\Heiner\Desktop\laravel-saas-starter\vendor\laravel\framework\src\Illuminate\Foundation\Http\Middleware\ConvertEmptyStringsToNull.php(31): Illuminate\Foundation\Http\Middleware\TransformsRequest->handle(Object(Illuminate\Http\Request), Object(Closure))
#77 C:\Users\Heiner\Desktop\laravel-saas-starter\vendor\laravel\framework\src\Illuminate\Pipeline\Pipeline.php(219): Illuminate\Foundation\Http\Middleware\ConvertEmptyStringsToNull->handle(Object(Illuminate\Http\Request), Object(Closure))
#78 C:\Users\Heiner\Desktop\laravel-saas-starter\vendor\laravel\framework\src\Illuminate\Foundation\Http\Middleware\TransformsRequest.php(21): Illuminate\Pipeline\Pipeline->{closure:{closure:Illuminate\Pipeline\Pipeline::carry():194}:195}(Object(Illuminate\Http\Request))
#79 C:\Users\Heiner\Desktop\laravel-saas-starter\vendor\laravel\framework\src\Illuminate\Foundation\Http\Middleware\TrimStrings.php(51): Illuminate\Foundation\Http\Middleware\TransformsRequest->handle(Object(Illuminate\Http\Request), Object(Closure))
#80 C:\Users\Heiner\Desktop\laravel-saas-starter\vendor\laravel\framework\src\Illuminate\Pipeline\Pipeline.php(219): Illuminate\Foundation\Http\Middleware\TrimStrings->handle(Object(Illuminate\Http\Request), Object(Closure))
#81 C:\Users\Heiner\Desktop\laravel-saas-starter\vendor\laravel\framework\src\Illuminate\Http\Middleware\ValidatePostSize.php(27): Illuminate\Pipeline\Pipeline->{closure:{closure:Illuminate\Pipeline\Pipeline::carry():194}:195}(Object(Illuminate\Http\Request))
#82 C:\Users\Heiner\Desktop\laravel-saas-starter\vendor\laravel\framework\src\Illuminate\Pipeline\Pipeline.php(219): Illuminate\Http\Middleware\ValidatePostSize->handle(Object(Illuminate\Http\Request), Object(Closure))
#83 C:\Users\Heiner\Desktop\laravel-saas-starter\vendor\laravel\framework\src\Illuminate\Foundation\Http\Middleware\PreventRequestsDuringMaintenance.php(109): Illuminate\Pipeline\Pipeline->{closure:{closure:Illuminate\Pipeline\Pipeline::carry():194}:195}(Object(Illuminate\Http\Request))
#84 C:\Users\Heiner\Desktop\laravel-saas-starter\vendor\laravel\framework\src\Illuminate\Pipeline\Pipeline.php(219): Illuminate\Foundation\Http\Middleware\PreventRequestsDuringMaintenance->handle(Object(Illuminate\Http\Request), Object(Closure))
#85 C:\Users\Heiner\Desktop\laravel-saas-starter\vendor\laravel\framework\src\Illuminate\Http\Middleware\HandleCors.php(48): Illuminate\Pipeline\Pipeline->{closure:{closure:Illuminate\Pipeline\Pipeline::carry():194}:195}(Object(Illuminate\Http\Request))
#86 C:\Users\Heiner\Desktop\laravel-saas-starter\vendor\laravel\framework\src\Illuminate\Pipeline\Pipeline.php(219): Illuminate\Http\Middleware\HandleCors->handle(Object(Illuminate\Http\Request), Object(Closure))
#87 C:\Users\Heiner\Desktop\laravel-saas-starter\vendor\laravel\framework\src\Illuminate\Http\Middleware\TrustProxies.php(58): Illuminate\Pipeline\Pipeline->{closure:{closure:Illuminate\Pipeline\Pipeline::carry():194}:195}(Object(Illuminate\Http\Request))
#88 C:\Users\Heiner\Desktop\laravel-saas-starter\vendor\laravel\framework\src\Illuminate\Pipeline\Pipeline.php(219): Illuminate\Http\Middleware\TrustProxies->handle(Object(Illuminate\Http\Request), Object(Closure))
#89 C:\Users\Heiner\Desktop\laravel-saas-starter\vendor\laravel\framework\src\Illuminate\Foundation\Http\Middleware\InvokeDeferredCallbacks.php(22): Illuminate\Pipeline\Pipeline->{closure:{closure:Illuminate\Pipeline\Pipeline::carry():194}:195}(Object(Illuminate\Http\Request))
#90 C:\Users\Heiner\Desktop\laravel-saas-starter\vendor\laravel\framework\src\Illuminate\Pipeline\Pipeline.php(219): Illuminate\Foundation\Http\Middleware\InvokeDeferredCallbacks->handle(Object(Illuminate\Http\Request), Object(Closure))
#91 C:\Users\Heiner\Desktop\laravel-saas-starter\vendor\laravel\framework\src\Illuminate\Http\Middleware\ValidatePathEncoding.php(26): Illuminate\Pipeline\Pipeline->{closure:{closure:Illuminate\Pipeline\Pipeline::carry():194}:195}(Object(Illuminate\Http\Request))
#92 C:\Users\Heiner\Desktop\laravel-saas-starter\vendor\laravel\framework\src\Illuminate\Pipeline\Pipeline.php(219): Illuminate\Http\Middleware\ValidatePathEncoding->handle(Object(Illuminate\Http\Request), Object(Closure))
#93 C:\Users\Heiner\Desktop\laravel-saas-starter\vendor\laravel\framework\src\Illuminate\Pipeline\Pipeline.php(137): Illuminate\Pipeline\Pipeline->{closure:{closure:Illuminate\Pipeline\Pipeline::carry():194}:195}(Object(Illuminate\Http\Request))
#94 C:\Users\Heiner\Desktop\laravel-saas-starter\vendor\laravel\framework\src\Illuminate\Foundation\Http\Kernel.php(175): Illuminate\Pipeline\Pipeline->then(Object(Closure))
#95 C:\Users\Heiner\Desktop\laravel-saas-starter\vendor\laravel\framework\src\Illuminate\Foundation\Http\Kernel.php(144): Illuminate\Foundation\Http\Kernel->sendRequestThroughRouter(Object(Illuminate\Http\Request))
#96 C:\Users\Heiner\Desktop\laravel-saas-starter\vendor\laravel\framework\src\Illuminate\Foundation\Testing\Concerns\MakesHttpRequests.php(607): Illuminate\Foundation\Http\Kernel->handle(Object(Illuminate\Http\Request))
#97 C:\Users\Heiner\Desktop\laravel-saas-starter\vendor\laravel\framework\src\Illuminate\Foundation\Testing\Concerns\MakesHttpRequests.php(368): Illuminate\Foundation\Testing\TestCase->call('GET', '/profile', Array, Array, Array, Array)
#98 C:\Users\Heiner\Desktop\laravel-saas-starter\tests\Feature\ProfileTest.php(19): Illuminate\Foundation\Testing\TestCase->get('/profile')
#99 C:\Users\Heiner\Desktop\laravel-saas-starter\vendor\phpunit\phpunit\src\Framework\TestCase.php(1657): Tests\Feature\ProfileTest->test_profile_page_is_displayed()
#100 C:\Users\Heiner\Desktop\laravel-saas-starter\vendor\phpunit\phpunit\src\Framework\TestCase.php(515): PHPUnit\Framework\TestCase->runTest()
#101 C:\Users\Heiner\Desktop\laravel-saas-starter\vendor\phpunit\phpunit\src\Framework\TestRunner\TestRunner.php(87): PHPUnit\Framework\TestCase->runBare()
#102 C:\Users\Heiner\Desktop\laravel-saas-starter\vendor\phpunit\phpunit\src\Framework\TestCase.php(361): PHPUnit\Framework\TestRunner->run(Object(Tests\Feature\ProfileTest))
#103 C:\Users\Heiner\Desktop\laravel-saas-starter\vendor\phpunit\phpunit\src\Framework\TestSuite.php(369): PHPUnit\Framework\TestCase->run()
#104 C:\Users\Heiner\Desktop\laravel-saas-starter\vendor\phpunit\phpunit\src\Framework\TestSuite.php(369): PHPUnit\Framework\TestSuite->run()
#105 C:\Users\Heiner\Desktop\laravel-saas-starter\vendor\phpunit\phpunit\src\Framework\TestSuite.php(369): PHPUnit\Framework\TestSuite->run()
#106 C:\Users\Heiner\Desktop\laravel-saas-starter\vendor\phpunit\phpunit\src\TextUI\TestRunner.php(64): PHPUnit\Framework\TestSuite->run()
#107 C:\Users\Heiner\Desktop\laravel-saas-starter\vendor\phpunit\phpunit\src\TextUI\Application.php(211): PHPUnit\TextUI\TestRunner->run(Object(PHPUnit\TextUI\Configuration\Configuration), Object(PHPUnit\Runner\ResultCache\DefaultResultCache), Object(PHPUnit\Framework\TestSuite))
#108 C:\Users\Heiner\Desktop\laravel-saas-starter\vendor\phpunit\phpunit\phpunit(104): PHPUnit\TextUI\Application->run(Array)
#109 {main}

Next Illuminate\View\ViewException: The attribute [is_admin] either does not exist or was not retrieved for model [App\Models\User]. (View: C:\Users\Heiner\Desktop\laravel-saas-starter\resources\views\layouts\navigation.blade.php) in C:\Users\Heiner\Desktop\laravel-saas-starter\vendor\laravel\framework\src\Illuminate\Database\Eloquent\Concerns\HasAttributes.php:515
Stack trace:
#0 C:\Users\Heiner\Desktop\laravel-saas-starter\vendor\livewire\livewire\src\Mechanisms\ExtendBlade\ExtendedCompilerEngine.php(58): Illuminate\View\Engines\CompilerEngine->handleViewException(Object(Illuminate\Database\Eloquent\MissingAttributeException), 3)
#1 C:\Users\Heiner\Desktop\laravel-saas-starter\vendor\laravel\framework\src\Illuminate\View\Engines\PhpEngine.php(59): Livewire\Mechanisms\ExtendBlade\ExtendedCompilerEngine->handleViewException(Object(Illuminate\Database\Eloquent\MissingAttributeException), 3)
#2 C:\Users\Heiner\Desktop\laravel-saas-starter\vendor\livewire\livewire\src\Mechanisms\ExtendBlade\ExtendedCompilerEngine.php(22): Illuminate\View\Engines\PhpEngine->evaluatePath('C:\\Users\\Heiner...', Array)
#3 C:\Users\Heiner\Desktop\laravel-saas-starter\vendor\laravel\framework\src\Illuminate\View\Engines\CompilerEngine.php(76): Livewire\Mechanisms\ExtendBlade\ExtendedCompilerEngine->evaluatePath('C:\\Users\\Heiner...', Array)
#4 C:\Users\Heiner\Desktop\laravel-saas-starter\vendor\livewire\livewire\src\Mechanisms\ExtendBlade\ExtendedCompilerEngine.php(10): Illuminate\View\Engines\CompilerEngine->get('C:\\Users\\Heiner...', Array)
#5 C:\Users\Heiner\Desktop\laravel-saas-starter\vendor\laravel\framework\src\Illuminate\View\View.php(208): Livewire\Mechanisms\ExtendBlade\ExtendedCompilerEngine->get('C:\\Users\\Heiner...', Array)
#6 C:\Users\Heiner\Desktop\laravel-saas-starter\vendor\laravel\framework\src\Illuminate\View\View.php(191): Illuminate\View\View->getContents()
#7 C:\Users\Heiner\Desktop\laravel-saas-starter\vendor\laravel\framework\src\Illuminate\View\View.php(160): Illuminate\View\View->renderContents()
#8 C:\Users\Heiner\Desktop\laravel-saas-starter\storage\framework\views\0cf5a9751581195a0b5627c1264ced7a.php(67): Illuminate\View\View->render()
#9 C:\Users\Heiner\Desktop\laravel-saas-starter\vendor\laravel\framework\src\Illuminate\Filesystem\Filesystem.php(123): require('C:\\Users\\Heiner...')
#10 C:\Users\Heiner\Desktop\laravel-saas-starter\vendor\laravel\framework\src\Illuminate\Filesystem\Filesystem.php(124): Illuminate\Filesystem\Filesystem::{closure:Illuminate\Filesystem\Filesystem::getRequire():120}()
#11 C:\Users\Heiner\Desktop\laravel-saas-starter\vendor\laravel\framework\src\Illuminate\View\Engines\PhpEngine.php(57): Illuminate\Filesystem\Filesystem->getRequire('C:\\Users\\Heiner...', Array)
#12 C:\Users\Heiner\Desktop\laravel-saas-starter\vendor\livewire\livewire\src\Mechanisms\ExtendBlade\ExtendedCompilerEngine.php(22): Illuminate\View\Engines\PhpEngine->evaluatePath('C:\\Users\\Heiner...', Array)
#13 C:\Users\Heiner\Desktop\laravel-saas-starter\vendor\laravel\framework\src\Illuminate\View\Engines\CompilerEngine.php(76): Livewire\Mechanisms\ExtendBlade\ExtendedCompilerEngine->evaluatePath('C:\\Users\\Heiner...', Array)
#14 C:\Users\Heiner\Desktop\laravel-saas-starter\vendor\livewire\livewire\src\Mechanisms\ExtendBlade\ExtendedCompilerEngine.php(10): Illuminate\View\Engines\CompilerEngine->get('C:\\Users\\Heiner...', Array)
#15 C:\Users\Heiner\Desktop\laravel-saas-starter\vendor\laravel\framework\src\Illuminate\View\View.php(208): Livewire\Mechanisms\ExtendBlade\ExtendedCompilerEngine->get('C:\\Users\\Heiner...', Array)
#16 C:\Users\Heiner\Desktop\laravel-saas-starter\vendor\laravel\framework\src\Illuminate\View\View.php(191): Illuminate\View\View->getContents()
#17 C:\Users\Heiner\Desktop\laravel-saas-starter\vendor\laravel\framework\src\Illuminate\View\View.php(160): Illuminate\View\View->renderContents()
#18 C:\Users\Heiner\Desktop\laravel-saas-starter\vendor\laravel\framework\src\Illuminate\View\Concerns\ManagesComponents.php(99): Illuminate\View\View->render()
#19 C:\Users\Heiner\Desktop\laravel-saas-starter\storage\framework\views\17fc49b3ecd8881634291fe442ad9ec0.php(124): Illuminate\View\Factory->renderComponent()
#20 C:\Users\Heiner\Desktop\laravel-saas-starter\vendor\laravel\framework\src\Illuminate\Filesystem\Filesystem.php(123): require('C:\\Users\\Heiner...')
#21 C:\Users\Heiner\Desktop\laravel-saas-starter\vendor\laravel\framework\src\Illuminate\Filesystem\Filesystem.php(124): Illuminate\Filesystem\Filesystem::{closure:Illuminate\Filesystem\Filesystem::getRequire():120}()
#22 C:\Users\Heiner\Desktop\laravel-saas-starter\vendor\laravel\framework\src\Illuminate\View\Engines\PhpEngine.php(57): Illuminate\Filesystem\Filesystem->getRequire('C:\\Users\\Heiner...', Array)
#23 C:\Users\Heiner\Desktop\laravel-saas-starter\vendor\livewire\livewire\src\Mechanisms\ExtendBlade\ExtendedCompilerEngine.php(22): Illuminate\View\Engines\PhpEngine->evaluatePath('C:\\Users\\Heiner...', Array)
#24 C:\Users\Heiner\Desktop\laravel-saas-starter\vendor\laravel\framework\src\Illuminate\View\Engines\CompilerEngine.php(76): Livewire\Mechanisms\ExtendBlade\ExtendedCompilerEngine->evaluatePath('C:\\Users\\Heiner...', Array)
#25 C:\Users\Heiner\Desktop\laravel-saas-starter\vendor\livewire\livewire\src\Mechanisms\ExtendBlade\ExtendedCompilerEngine.php(10): Illuminate\View\Engines\CompilerEngine->get('C:\\Users\\Heiner...', Array)
#26 C:\Users\Heiner\Desktop\laravel-saas-starter\vendor\laravel\framework\src\Illuminate\View\View.php(208): Livewire\Mechanisms\ExtendBlade\ExtendedCompilerEngine->get('C:\\Users\\Heiner...', Array)
#27 C:\Users\Heiner\Desktop\laravel-saas-starter\vendor\laravel\framework\src\Illuminate\View\View.php(191): Illuminate\View\View->getContents()
#28 C:\Users\Heiner\Desktop\laravel-saas-starter\vendor\laravel\framework\src\Illuminate\View\View.php(160): Illuminate\View\View->renderContents()
#29 C:\Users\Heiner\Desktop\laravel-saas-starter\vendor\laravel\framework\src\Illuminate\Http\Response.php(78): Illuminate\View\View->render()
#30 C:\Users\Heiner\Desktop\laravel-saas-starter\vendor\laravel\framework\src\Illuminate\Http\Response.php(34): Illuminate\Http\Response->setContent(Object(Illuminate\View\View))
#31 C:\Users\Heiner\Desktop\laravel-saas-starter\vendor\laravel\framework\src\Illuminate\Routing\Router.php(939): Illuminate\Http\Response->__construct(Object(Illuminate\View\View), 200, Array)
#32 C:\Users\Heiner\Desktop\laravel-saas-starter\vendor\laravel\framework\src\Illuminate\Routing\Router.php(906): Illuminate\Routing\Router::toResponse(Object(Illuminate\Http\Request), Object(Illuminate\View\View))
#33 C:\Users\Heiner\Desktop\laravel-saas-starter\vendor\laravel\framework\src\Illuminate\Routing\Router.php(821): Illuminate\Routing\Router->prepareResponse(Object(Illuminate\Http\Request), Object(Illuminate\View\View))
#34 C:\Users\Heiner\Desktop\laravel-saas-starter\vendor\laravel\framework\src\Illuminate\Pipeline\Pipeline.php(180): Illuminate\Routing\Router->{closure:Illuminate\Routing\Router::runRouteWithinStack():821}(Object(Illuminate\Http\Request))
#35 C:\Users\Heiner\Desktop\laravel-saas-starter\vendor\barryvdh\laravel-debugbar\src\Middleware\InjectDebugbar.php(59): Illuminate\Pipeline\Pipeline->{closure:Illuminate\Pipeline\Pipeline::prepareDestination():178}(Object(Illuminate\Http\Request))
#36 C:\Users\Heiner\Desktop\laravel-saas-starter\vendor\laravel\framework\src\Illuminate\Pipeline\Pipeline.php(219): Barryvdh\Debugbar\Middleware\InjectDebugbar->handle(Object(Illuminate\Http\Request), Object(Closure))
#37 C:\Users\Heiner\Desktop\laravel-saas-starter\app\Http\Middleware\EnsureOnboardingComplete.php(20): Illuminate\Pipeline\Pipeline->{closure:{closure:Illuminate\Pipeline\Pipeline::carry():194}:195}(Object(Illuminate\Http\Request))
#38 C:\Users\Heiner\Desktop\laravel-saas-starter\vendor\laravel\framework\src\Illuminate\Pipeline\Pipeline.php(219): App\Http\Middleware\EnsureOnboardingComplete->handle(Object(Illuminate\Http\Request), Object(Closure))
#39 C:\Users\Heiner\Desktop\laravel-saas-starter\app\Http\Middleware\SetLocale.php(34): Illuminate\Pipeline\Pipeline->{closure:{closure:Illuminate\Pipeline\Pipeline::carry():194}:195}(Object(Illuminate\Http\Request))
#40 C:\Users\Heiner\Desktop\laravel-saas-starter\vendor\laravel\framework\src\Illuminate\Pipeline\Pipeline.php(219): App\Http\Middleware\SetLocale->handle(Object(Illuminate\Http\Request), Object(Closure))
#41 C:\Users\Heiner\Desktop\laravel-saas-starter\app\Http\Middleware\SecurityHeaders.php(41): Illuminate\Pipeline\Pipeline->{closure:{closure:Illuminate\Pipeline\Pipeline::carry():194}:195}(Object(Illuminate\Http\Request))
#42 C:\Users\Heiner\Desktop\laravel-saas-starter\vendor\laravel\framework\src\Illuminate\Pipeline\Pipeline.php(219): App\Http\Middleware\SecurityHeaders->handle(Object(Illuminate\Http\Request), Object(Closure))
#43 C:\Users\Heiner\Desktop\laravel-saas-starter\vendor\laravel\framework\src\Illuminate\Routing\Middleware\SubstituteBindings.php(50): Illuminate\Pipeline\Pipeline->{closure:{closure:Illuminate\Pipeline\Pipeline::carry():194}:195}(Object(Illuminate\Http\Request))
#44 C:\Users\Heiner\Desktop\laravel-saas-starter\vendor\laravel\framework\src\Illuminate\Pipeline\Pipeline.php(219): Illuminate\Routing\Middleware\SubstituteBindings->handle(Object(Illuminate\Http\Request), Object(Closure))
#45 C:\Users\Heiner\Desktop\laravel-saas-starter\vendor\laravel\framework\src\Illuminate\Auth\Middleware\Authenticate.php(63): Illuminate\Pipeline\Pipeline->{closure:{closure:Illuminate\Pipeline\Pipeline::carry():194}:195}(Object(Illuminate\Http\Request))
#46 C:\Users\Heiner\Desktop\laravel-saas-starter\vendor\laravel\framework\src\Illuminate\Pipeline\Pipeline.php(219): Illuminate\Auth\Middleware\Authenticate->handle(Object(Illuminate\Http\Request), Object(Closure))
#47 C:\Users\Heiner\Desktop\laravel-saas-starter\vendor\laravel\framework\src\Illuminate\Foundation\Http\Middleware\VerifyCsrfToken.php(87): Illuminate\Pipeline\Pipeline->{closure:{closure:Illuminate\Pipeline\Pipeline::carry():194}:195}(Object(Illuminate\Http\Request))
#48 C:\Users\Heiner\Desktop\laravel-saas-starter\vendor\laravel\framework\src\Illuminate\Pipeline\Pipeline.php(219): Illuminate\Foundation\Http\Middleware\VerifyCsrfToken->handle(Object(Illuminate\Http\Request), Object(Closure))
#49 C:\Users\Heiner\Desktop\laravel-saas-starter\vendor\laravel\framework\src\Illuminate\View\Middleware\ShareErrorsFromSession.php(48): Illuminate\Pipeline\Pipeline->{closure:{closure:Illuminate\Pipeline\Pipeline::carry():194}:195}(Object(Illuminate\Http\Request))
#50 C:\Users\Heiner\Desktop\laravel-saas-starter\vendor\laravel\framework\src\Illuminate\Pipeline\Pipeline.php(219): Illuminate\View\Middleware\ShareErrorsFromSession->handle(Object(Illuminate\Http\Request), Object(Closure))
#51 C:\Users\Heiner\Desktop\laravel-saas-starter\vendor\laravel\framework\src\Illuminate\Session\Middleware\StartSession.php(120): Illuminate\Pipeline\Pipeline->{closure:{closure:Illuminate\Pipeline\Pipeline::carry():194}:195}(Object(Illuminate\Http\Request))
#52 C:\Users\Heiner\Desktop\laravel-saas-starter\vendor\laravel\framework\src\Illuminate\Session\Middleware\StartSession.php(63): Illuminate\Session\Middleware\StartSession->handleStatefulRequest(Object(Illuminate\Http\Request), Object(Illuminate\Session\Store), Object(Closure))
#53 C:\Users\Heiner\Desktop\laravel-saas-starter\vendor\laravel\framework\src\Illuminate\Pipeline\Pipeline.php(219): Illuminate\Session\Middleware\StartSession->handle(Object(Illuminate\Http\Request), Object(Closure))
#54 C:\Users\Heiner\Desktop\laravel-saas-starter\vendor\laravel\framework\src\Illuminate\Cookie\Middleware\AddQueuedCookiesToResponse.php(36): Illuminate\Pipeline\Pipeline->{closure:{closure:Illuminate\Pipeline\Pipeline::carry():194}:195}(Object(Illuminate\Http\Request))
#55 C:\Users\Heiner\Desktop\laravel-saas-starter\vendor\laravel\framework\src\Illuminate\Pipeline\Pipeline.php(219): Illuminate\Cookie\Middleware\AddQueuedCookiesToResponse->handle(Object(Illuminate\Http\Request), Object(Closure))
#56 C:\Users\Heiner\Desktop\laravel-saas-starter\vendor\laravel\framework\src\Illuminate\Cookie\Middleware\EncryptCookies.php(74): Illuminate\Pipeline\Pipeline->{closure:{closure:Illuminate\Pipeline\Pipeline::carry():194}:195}(Object(Illuminate\Http\Request))
#57 C:\Users\Heiner\Desktop\laravel-saas-starter\vendor\laravel\framework\src\Illuminate\Pipeline\Pipeline.php(219): Illuminate\Cookie\Middleware\EncryptCookies->handle(Object(Illuminate\Http\Request), Object(Closure))
#58 C:\Users\Heiner\Desktop\laravel-saas-starter\vendor\laravel\framework\src\Illuminate\Pipeline\Pipeline.php(137): Illuminate\Pipeline\Pipeline->{closure:{closure:Illuminate\Pipeline\Pipeline::carry():194}:195}(Object(Illuminate\Http\Request))
#59 C:\Users\Heiner\Desktop\laravel-saas-starter\vendor\laravel\framework\src\Illuminate\Routing\Router.php(821): Illuminate\Pipeline\Pipeline->then(Object(Closure))
#60 C:\Users\Heiner\Desktop\laravel-saas-starter\vendor\laravel\framework\src\Illuminate\Routing\Router.php(800): Illuminate\Routing\Router->runRouteWithinStack(Object(Illuminate\Routing\Route), Object(Illuminate\Http\Request))
#61 C:\Users\Heiner\Desktop\laravel-saas-starter\vendor\laravel\framework\src\Illuminate\Routing\Router.php(764): Illuminate\Routing\Router->runRoute(Object(Illuminate\Http\Request), Object(Illuminate\Routing\Route))
#62 C:\Users\Heiner\Desktop\laravel-saas-starter\vendor\laravel\framework\src\Illuminate\Routing\Router.php(753): Illuminate\Routing\Router->dispatchToRoute(Object(Illuminate\Http\Request))
#63 C:\Users\Heiner\Desktop\laravel-saas-starter\vendor\laravel\framework\src\Illuminate\Foundation\Http\Kernel.php(200): Illuminate\Routing\Router->dispatch(Object(Illuminate\Http\Request))
#64 C:\Users\Heiner\Desktop\laravel-saas-starter\vendor\laravel\framework\src\Illuminate\Pipeline\Pipeline.php(180): Illuminate\Foundation\Http\Kernel->{closure:Illuminate\Foundation\Http\Kernel::dispatchToRouter():197}(Object(Illuminate\Http\Request))
#65 C:\Users\Heiner\Desktop\laravel-saas-starter\vendor\livewire\livewire\src\Features\SupportDisablingBackButtonCache\DisableBackButtonCacheMiddleware.php(19): Illuminate\Pipeline\Pipeline->{closure:Illuminate\Pipeline\Pipeline::prepareDestination():178}(Object(Illuminate\Http\Request))
#66 C:\Users\Heiner\Desktop\laravel-saas-starter\vendor\laravel\framework\src\Illuminate\Pipeline\Pipeline.php(219): Livewire\Features\SupportDisablingBackButtonCache\DisableBackButtonCacheMiddleware->handle(Object(Illuminate\Http\Request), Object(Closure))
#67 C:\Users\Heiner\Desktop\laravel-saas-starter\vendor\barryvdh\laravel-debugbar\src\Middleware\InjectDebugbar.php(59): Illuminate\Pipeline\Pipeline->{closure:{closure:Illuminate\Pipeline\Pipeline::carry():194}:195}(Object(Illuminate\Http\Request))
#68 C:\Users\Heiner\Desktop\laravel-saas-starter\vendor\laravel\framework\src\Illuminate\Pipeline\Pipeline.php(219): Barryvdh\Debugbar\Middleware\InjectDebugbar->handle(Object(Illuminate\Http\Request), Object(Closure))
#69 C:\Users\Heiner\Desktop\laravel-saas-starter\vendor\laravel\framework\src\Illuminate\Foundation\Http\Middleware\TransformsRequest.php(21): Illuminate\Pipeline\Pipeline->{closure:{closure:Illuminate\Pipeline\Pipeline::carry():194}:195}(Object(Illuminate\Http\Request))
#70 C:\Users\Heiner\Desktop\laravel-saas-starter\vendor\laravel\framework\src\Illuminate\Foundation\Http\Middleware\ConvertEmptyStringsToNull.php(31): Illuminate\Foundation\Http\Middleware\TransformsRequest->handle(Object(Illuminate\Http\Request), Object(Closure))
#71 C:\Users\Heiner\Desktop\laravel-saas-starter\vendor\laravel\framework\src\Illuminate\Pipeline\Pipeline.php(219): Illuminate\Foundation\Http\Middleware\ConvertEmptyStringsToNull->handle(Object(Illuminate\Http\Request), Object(Closure))
#72 C:\Users\Heiner\Desktop\laravel-saas-starter\vendor\laravel\framework\src\Illuminate\Foundation\Http\Middleware\TransformsRequest.php(21): Illuminate\Pipeline\Pipeline->{closure:{closure:Illuminate\Pipeline\Pipeline::carry():194}:195}(Object(Illuminate\Http\Request))
#73 C:\Users\Heiner\Desktop\laravel-saas-starter\vendor\laravel\framework\src\Illuminate\Foundation\Http\Middleware\TrimStrings.php(51): Illuminate\Foundation\Http\Middleware\TransformsRequest->handle(Object(Illuminate\Http\Request), Object(Closure))
#74 C:\Users\Heiner\Desktop\laravel-saas-starter\vendor\laravel\framework\src\Illuminate\Pipeline\Pipeline.php(219): Illuminate\Foundation\Http\Middleware\TrimStrings->handle(Object(Illuminate\Http\Request), Object(Closure))
#75 C:\Users\Heiner\Desktop\laravel-saas-starter\vendor\laravel\framework\src\Illuminate\Http\Middleware\ValidatePostSize.php(27): Illuminate\Pipeline\Pipeline->{closure:{closure:Illuminate\Pipeline\Pipeline::carry():194}:195}(Object(Illuminate\Http\Request))
#76 C:\Users\Heiner\Desktop\laravel-saas-starter\vendor\laravel\framework\src\Illuminate\Pipeline\Pipeline.php(219): Illuminate\Http\Middleware\ValidatePostSize->handle(Object(Illuminate\Http\Request), Object(Closure))
#77 C:\Users\Heiner\Desktop\laravel-saas-starter\vendor\laravel\framework\src\Illuminate\Foundation\Http\Middleware\PreventRequestsDuringMaintenance.php(109): Illuminate\Pipeline\Pipeline->{closure:{closure:Illuminate\Pipeline\Pipeline::carry():194}:195}(Object(Illuminate\Http\Request))
#78 C:\Users\Heiner\Desktop\laravel-saas-starter\vendor\laravel\framework\src\Illuminate\Pipeline\Pipeline.php(219): Illuminate\Foundation\Http\Middleware\PreventRequestsDuringMaintenance->handle(Object(Illuminate\Http\Request), Object(Closure))
#79 C:\Users\Heiner\Desktop\laravel-saas-starter\vendor\laravel\framework\src\Illuminate\Http\Middleware\HandleCors.php(48): Illuminate\Pipeline\Pipeline->{closure:{closure:Illuminate\Pipeline\Pipeline::carry():194}:195}(Object(Illuminate\Http\Request))
#80 C:\Users\Heiner\Desktop\laravel-saas-starter\vendor\laravel\framework\src\Illuminate\Pipeline\Pipeline.php(219): Illuminate\Http\Middleware\HandleCors->handle(Object(Illuminate\Http\Request), Object(Closure))
#81 C:\Users\Heiner\Desktop\laravel-saas-starter\vendor\laravel\framework\src\Illuminate\Http\Middleware\TrustProxies.php(58): Illuminate\Pipeline\Pipeline->{closure:{closure:Illuminate\Pipeline\Pipeline::carry():194}:195}(Object(Illuminate\Http\Request))
#82 C:\Users\Heiner\Desktop\laravel-saas-starter\vendor\laravel\framework\src\Illuminate\Pipeline\Pipeline.php(219): Illuminate\Http\Middleware\TrustProxies->handle(Object(Illuminate\Http\Request), Object(Closure))
#83 C:\Users\Heiner\Desktop\laravel-saas-starter\vendor\laravel\framework\src\Illuminate\Foundation\Http\Middleware\InvokeDeferredCallbacks.php(22): Illuminate\Pipeline\Pipeline->{closure:{closure:Illuminate\Pipeline\Pipeline::carry():194}:195}(Object(Illuminate\Http\Request))
#84 C:\Users\Heiner\Desktop\laravel-saas-starter\vendor\laravel\framework\src\Illuminate\Pipeline\Pipeline.php(219): Illuminate\Foundation\Http\Middleware\InvokeDeferredCallbacks->handle(Object(Illuminate\Http\Request), Object(Closure))
#85 C:\Users\Heiner\Desktop\laravel-saas-starter\vendor\laravel\framework\src\Illuminate\Http\Middleware\ValidatePathEncoding.php(26): Illuminate\Pipeline\Pipeline->{closure:{closure:Illuminate\Pipeline\Pipeline::carry():194}:195}(Object(Illuminate\Http\Request))
#86 C:\Users\Heiner\Desktop\laravel-saas-starter\vendor\laravel\framework\src\Illuminate\Pipeline\Pipeline.php(219): Illuminate\Http\Middleware\ValidatePathEncoding->handle(Object(Illuminate\Http\Request), Object(Closure))
#87 C:\Users\Heiner\Desktop\laravel-saas-starter\vendor\laravel\framework\src\Illuminate\Pipeline\Pipeline.php(137): Illuminate\Pipeline\Pipeline->{closure:{closure:Illuminate\Pipeline\Pipeline::carry():194}:195}(Object(Illuminate\Http\Request))
#88 C:\Users\Heiner\Desktop\laravel-saas-starter\vendor\laravel\framework\src\Illuminate\Foundation\Http\Kernel.php(175): Illuminate\Pipeline\Pipeline->then(Object(Closure))
#89 C:\Users\Heiner\Desktop\laravel-saas-starter\vendor\laravel\framework\src\Illuminate\Foundation\Http\Kernel.php(144): Illuminate\Foundation\Http\Kernel->sendRequestThroughRouter(Object(Illuminate\Http\Request))
#90 C:\Users\Heiner\Desktop\laravel-saas-starter\vendor\laravel\framework\src\Illuminate\Foundation\Testing\Concerns\MakesHttpRequests.php(607): Illuminate\Foundation\Http\Kernel->handle(Object(Illuminate\Http\Request))
#91 C:\Users\Heiner\Desktop\laravel-saas-starter\vendor\laravel\framework\src\Illuminate\Foundation\Testing\Concerns\MakesHttpRequests.php(368): Illuminate\Foundation\Testing\TestCase->call('GET', '/profile', Array, Array, Array, Array)
#92 C:\Users\Heiner\Desktop\laravel-saas-starter\tests\Feature\ProfileTest.php(19): Illuminate\Foundation\Testing\TestCase->get('/profile')
#93 C:\Users\Heiner\Desktop\laravel-saas-starter\vendor\phpunit\phpunit\src\Framework\TestCase.php(1657): Tests\Feature\ProfileTest->test_profile_page_is_displayed()
#94 C:\Users\Heiner\Desktop\laravel-saas-starter\vendor\phpunit\phpunit\src\Framework\TestCase.php(515): PHPUnit\Framework\TestCase->runTest()
#95 C:\Users\Heiner\Desktop\laravel-saas-starter\vendor\phpunit\phpunit\src\Framework\TestRunner\TestRunner.php(87): PHPUnit\Framework\TestCase->runBare()
#96 C:\Users\Heiner\Desktop\laravel-saas-starter\vendor\phpunit\phpunit\src\Framework\TestCase.php(361): PHPUnit\Framework\TestRunner->run(Object(Tests\Feature\ProfileTest))
#97 C:\Users\Heiner\Desktop\laravel-saas-starter\vendor\phpunit\phpunit\src\Framework\TestSuite.php(369): PHPUnit\Framework\TestCase->run()
#98 C:\Users\Heiner\Desktop\laravel-saas-starter\vendor\phpunit\phpunit\src\Framework\TestSuite.php(369): PHPUnit\Framework\TestSuite->run()
#99 C:\Users\Heiner\Desktop\laravel-saas-starter\vendor\phpunit\phpunit\src\Framework\TestSuite.php(369): PHPUnit\Framework\TestSuite->run()
#100 C:\Users\Heiner\Desktop\laravel-saas-starter\vendor\phpunit\phpunit\src\TextUI\TestRunner.php(64): PHPUnit\Framework\TestSuite->run()
#101 C:\Users\Heiner\Desktop\laravel-saas-starter\vendor\phpunit\phpunit\src\TextUI\Application.php(211): PHPUnit\TextUI\TestRunner->run(Object(PHPUnit\TextUI\Configuration\Configuration), Object(PHPUnit\Runner\ResultCache\DefaultResultCache), Object(PHPUnit\Framework\TestSuite))
#102 C:\Users\Heiner\Desktop\laravel-saas-starter\vendor\phpunit\phpunit\phpunit(104): PHPUnit\TextUI\Application->run(Array)
#103 {main}

Next Illuminate\View\ViewException: The attribute [is_admin] either does not exist or was not retrieved for model [App\Models\User]. (View: C:\Users\Heiner\Desktop\laravel-saas-starter\resources\views\layouts\navigation.blade.php) (View: C:\Users\Heiner\Desktop\laravel-saas-starter\resources\views\layouts\navigation.blade.php) in C:\Users\Heiner\Desktop\laravel-saas-starter\vendor\laravel\framework\src\Illuminate\Database\Eloquent\Concerns\HasAttributes.php:515
Stack trace:
#0 C:\Users\Heiner\Desktop\laravel-saas-starter\vendor\livewire\livewire\src\Mechanisms\ExtendBlade\ExtendedCompilerEngine.php(58): Illuminate\View\Engines\CompilerEngine->handleViewException(Object(Illuminate\View\ViewException), 2)
#1 C:\Users\Heiner\Desktop\laravel-saas-starter\vendor\laravel\framework\src\Illuminate\View\Engines\PhpEngine.php(59): Livewire\Mechanisms\ExtendBlade\ExtendedCompilerEngine->handleViewException(Object(Illuminate\View\ViewException), 2)
#2 C:\Users\Heiner\Desktop\laravel-saas-starter\vendor\livewire\livewire\src\Mechanisms\ExtendBlade\ExtendedCompilerEngine.php(22): Illuminate\View\Engines\PhpEngine->evaluatePath('C:\\Users\\Heiner...', Array)
#3 C:\Users\Heiner\Desktop\laravel-saas-starter\vendor\laravel\framework\src\Illuminate\View\Engines\CompilerEngine.php(76): Livewire\Mechanisms\ExtendBlade\ExtendedCompilerEngine->evaluatePath('C:\\Users\\Heiner...', Array)
#4 C:\Users\Heiner\Desktop\laravel-saas-starter\vendor\livewire\livewire\src\Mechanisms\ExtendBlade\ExtendedCompilerEngine.php(10): Illuminate\View\Engines\CompilerEngine->get('C:\\Users\\Heiner...', Array)
#5 C:\Users\Heiner\Desktop\laravel-saas-starter\vendor\laravel\framework\src\Illuminate\View\View.php(208): Livewire\Mechanisms\ExtendBlade\ExtendedCompilerEngine->get('C:\\Users\\Heiner...', Array)
#6 C:\Users\Heiner\Desktop\laravel-saas-starter\vendor\laravel\framework\src\Illuminate\View\View.php(191): Illuminate\View\View->getContents()
#7 C:\Users\Heiner\Desktop\laravel-saas-starter\vendor\laravel\framework\src\Illuminate\View\View.php(160): Illuminate\View\View->renderContents()
#8 C:\Users\Heiner\Desktop\laravel-saas-starter\vendor\laravel\framework\src\Illuminate\View\Concerns\ManagesComponents.php(99): Illuminate\View\View->render()
#9 C:\Users\Heiner\Desktop\laravel-saas-starter\storage\framework\views\17fc49b3ecd8881634291fe442ad9ec0.php(124): Illuminate\View\Factory->renderComponent()
#10 C:\Users\Heiner\Desktop\laravel-saas-starter\vendor\laravel\framework\src\Illuminate\Filesystem\Filesystem.php(123): require('C:\\Users\\Heiner...')
#11 C:\Users\Heiner\Desktop\laravel-saas-starter\vendor\laravel\framework\src\Illuminate\Filesystem\Filesystem.php(124): Illuminate\Filesystem\Filesystem::{closure:Illuminate\Filesystem\Filesystem::getRequire():120}()
#12 C:\Users\Heiner\Desktop\laravel-saas-starter\vendor\laravel\framework\src\Illuminate\View\Engines\PhpEngine.php(57): Illuminate\Filesystem\Filesystem->getRequire('C:\\Users\\Heiner...', Array)
#13 C:\Users\Heiner\Desktop\laravel-saas-starter\vendor\livewire\livewire\src\Mechanisms\ExtendBlade\ExtendedCompilerEngine.php(22): Illuminate\View\Engines\PhpEngine->evaluatePath('C:\\Users\\Heiner...', Array)
#14 C:\Users\Heiner\Desktop\laravel-saas-starter\vendor\laravel\framework\src\Illuminate\View\Engines\CompilerEngine.php(76): Livewire\Mechanisms\ExtendBlade\ExtendedCompilerEngine->evaluatePath('C:\\Users\\Heiner...', Array)
#15 C:\Users\Heiner\Desktop\laravel-saas-starter\vendor\livewire\livewire\src\Mechanisms\ExtendBlade\ExtendedCompilerEngine.php(10): Illuminate\View\Engines\CompilerEngine->get('C:\\Users\\Heiner...', Array)
#16 C:\Users\Heiner\Desktop\laravel-saas-starter\vendor\laravel\framework\src\Illuminate\View\View.php(208): Livewire\Mechanisms\ExtendBlade\ExtendedCompilerEngine->get('C:\\Users\\Heiner...', Array)
#17 C:\Users\Heiner\Desktop\laravel-saas-starter\vendor\laravel\framework\src\Illuminate\View\View.php(191): Illuminate\View\View->getContents()
#18 C:\Users\Heiner\Desktop\laravel-saas-starter\vendor\laravel\framework\src\Illuminate\View\View.php(160): Illuminate\View\View->renderContents()
#19 C:\Users\Heiner\Desktop\laravel-saas-starter\vendor\laravel\framework\src\Illuminate\Http\Response.php(78): Illuminate\View\View->render()
#20 C:\Users\Heiner\Desktop\laravel-saas-starter\vendor\laravel\framework\src\Illuminate\Http\Response.php(34): Illuminate\Http\Response->setContent(Object(Illuminate\View\View))
#21 C:\Users\Heiner\Desktop\laravel-saas-starter\vendor\laravel\framework\src\Illuminate\Routing\Router.php(939): Illuminate\Http\Response->__construct(Object(Illuminate\View\View), 200, Array)
#22 C:\Users\Heiner\Desktop\laravel-saas-starter\vendor\laravel\framework\src\Illuminate\Routing\Router.php(906): Illuminate\Routing\Router::toResponse(Object(Illuminate\Http\Request), Object(Illuminate\View\View))
#23 C:\Users\Heiner\Desktop\laravel-saas-starter\vendor\laravel\framework\src\Illuminate\Routing\Router.php(821): Illuminate\Routing\Router->prepareResponse(Object(Illuminate\Http\Request), Object(Illuminate\View\View))
#24 C:\Users\Heiner\Desktop\laravel-saas-starter\vendor\laravel\framework\src\Illuminate\Pipeline\Pipeline.php(180): Illuminate\Routing\Router->{closure:Illuminate\Routing\Router::runRouteWithinStack():821}(Object(Illuminate\Http\Request))
#25 C:\Users\Heiner\Desktop\laravel-saas-starter\vendor\barryvdh\laravel-debugbar\src\Middleware\InjectDebugbar.php(59): Illuminate\Pipeline\Pipeline->{closure:Illuminate\Pipeline\Pipeline::prepareDestination():178}(Object(Illuminate\Http\Request))
#26 C:\Users\Heiner\Desktop\laravel-saas-starter\vendor\laravel\framework\src\Illuminate\Pipeline\Pipeline.php(219): Barryvdh\Debugbar\Middleware\InjectDebugbar->handle(Object(Illuminate\Http\Request), Object(Closure))
#27 C:\Users\Heiner\Desktop\laravel-saas-starter\app\Http\Middleware\EnsureOnboardingComplete.php(20): Illuminate\Pipeline\Pipeline->{closure:{closure:Illuminate\Pipeline\Pipeline::carry():194}:195}(Object(Illuminate\Http\Request))
#28 C:\Users\Heiner\Desktop\laravel-saas-starter\vendor\laravel\framework\src\Illuminate\Pipeline\Pipeline.php(219): App\Http\Middleware\EnsureOnboardingComplete->handle(Object(Illuminate\Http\Request), Object(Closure))
#29 C:\Users\Heiner\Desktop\laravel-saas-starter\app\Http\Middleware\SetLocale.php(34): Illuminate\Pipeline\Pipeline->{closure:{closure:Illuminate\Pipeline\Pipeline::carry():194}:195}(Object(Illuminate\Http\Request))
#30 C:\Users\Heiner\Desktop\laravel-saas-starter\vendor\laravel\framework\src\Illuminate\Pipeline\Pipeline.php(219): App\Http\Middleware\SetLocale->handle(Object(Illuminate\Http\Request), Object(Closure))
#31 C:\Users\Heiner\Desktop\laravel-saas-starter\app\Http\Middleware\SecurityHeaders.php(41): Illuminate\Pipeline\Pipeline->{closure:{closure:Illuminate\Pipeline\Pipeline::carry():194}:195}(Object(Illuminate\Http\Request))
#32 C:\Users\Heiner\Desktop\laravel-saas-starter\vendor\laravel\framework\src\Illuminate\Pipeline\Pipeline.php(219): App\Http\Middleware\SecurityHeaders->handle(Object(Illuminate\Http\Request), Object(Closure))
#33 C:\Users\Heiner\Desktop\laravel-saas-starter\vendor\laravel\framework\src\Illuminate\Routing\Middleware\SubstituteBindings.php(50): Illuminate\Pipeline\Pipeline->{closure:{closure:Illuminate\Pipeline\Pipeline::carry():194}:195}(Object(Illuminate\Http\Request))
#34 C:\Users\Heiner\Desktop\laravel-saas-starter\vendor\laravel\framework\src\Illuminate\Pipeline\Pipeline.php(219): Illuminate\Routing\Middleware\SubstituteBindings->handle(Object(Illuminate\Http\Request), Object(Closure))
#35 C:\Users\Heiner\Desktop\laravel-saas-starter\vendor\laravel\framework\src\Illuminate\Auth\Middleware\Authenticate.php(63): Illuminate\Pipeline\Pipeline->{closure:{closure:Illuminate\Pipeline\Pipeline::carry():194}:195}(Object(Illuminate\Http\Request))
#36 C:\Users\Heiner\Desktop\laravel-saas-starter\vendor\laravel\framework\src\Illuminate\Pipeline\Pipeline.php(219): Illuminate\Auth\Middleware\Authenticate->handle(Object(Illuminate\Http\Request), Object(Closure))
#37 C:\Users\Heiner\Desktop\laravel-saas-starter\vendor\laravel\framework\src\Illuminate\Foundation\Http\Middleware\VerifyCsrfToken.php(87): Illuminate\Pipeline\Pipeline->{closure:{closure:Illuminate\Pipeline\Pipeline::carry():194}:195}(Object(Illuminate\Http\Request))
#38 C:\Users\Heiner\Desktop\laravel-saas-starter\vendor\laravel\framework\src\Illuminate\Pipeline\Pipeline.php(219): Illuminate\Foundation\Http\Middleware\VerifyCsrfToken->handle(Object(Illuminate\Http\Request), Object(Closure))
#39 C:\Users\Heiner\Desktop\laravel-saas-starter\vendor\laravel\framework\src\Illuminate\View\Middleware\ShareErrorsFromSession.php(48): Illuminate\Pipeline\Pipeline->{closure:{closure:Illuminate\Pipeline\Pipeline::carry():194}:195}(Object(Illuminate\Http\Request))
#40 C:\Users\Heiner\Desktop\laravel-saas-starter\vendor\laravel\framework\src\Illuminate\Pipeline\Pipeline.php(219): Illuminate\View\Middleware\ShareErrorsFromSession->handle(Object(Illuminate\Http\Request), Object(Closure))
#41 C:\Users\Heiner\Desktop\laravel-saas-starter\vendor\laravel\framework\src\Illuminate\Session\Middleware\StartSession.php(120): Illuminate\Pipeline\Pipeline->{closure:{closure:Illuminate\Pipeline\Pipeline::carry():194}:195}(Object(Illuminate\Http\Request))
#42 C:\Users\Heiner\Desktop\laravel-saas-starter\vendor\laravel\framework\src\Illuminate\Session\Middleware\StartSession.php(63): Illuminate\Session\Middleware\StartSession->handleStatefulRequest(Object(Illuminate\Http\Request), Object(Illuminate\Session\Store), Object(Closure))
#43 C:\Users\Heiner\Desktop\laravel-saas-starter\vendor\laravel\framework\src\Illuminate\Pipeline\Pipeline.php(219): Illuminate\Session\Middleware\StartSession->handle(Object(Illuminate\Http\Request), Object(Closure))
#44 C:\Users\Heiner\Desktop\laravel-saas-starter\vendor\laravel\framework\src\Illuminate\Cookie\Middleware\AddQueuedCookiesToResponse.php(36): Illuminate\Pipeline\Pipeline->{closure:{closure:Illuminate\Pipeline\Pipeline::carry():194}:195}(Object(Illuminate\Http\Request))
#45 C:\Users\Heiner\Desktop\laravel-saas-starter\vendor\laravel\framework\src\Illuminate\Pipeline\Pipeline.php(219): Illuminate\Cookie\Middleware\AddQueuedCookiesToResponse->handle(Object(Illuminate\Http\Request), Object(Closure))
#46 C:\Users\Heiner\Desktop\laravel-saas-starter\vendor\laravel\framework\src\Illuminate\Cookie\Middleware\EncryptCookies.php(74): Illuminate\Pipeline\Pipeline->{closure:{closure:Illuminate\Pipeline\Pipeline::carry():194}:195}(Object(Illuminate\Http\Request))
#47 C:\Users\Heiner\Desktop\laravel-saas-starter\vendor\laravel\framework\src\Illuminate\Pipeline\Pipeline.php(219): Illuminate\Cookie\Middleware\EncryptCookies->handle(Object(Illuminate\Http\Request), Object(Closure))
#48 C:\Users\Heiner\Desktop\laravel-saas-starter\vendor\laravel\framework\src\Illuminate\Pipeline\Pipeline.php(137): Illuminate\Pipeline\Pipeline->{closure:{closure:Illuminate\Pipeline\Pipeline::carry():194}:195}(Object(Illuminate\Http\Request))
#49 C:\Users\Heiner\Desktop\laravel-saas-starter\vendor\laravel\framework\src\Illuminate\Routing\Router.php(821): Illuminate\Pipeline\Pipeline->then(Object(Closure))
#50 C:\Users\Heiner\Desktop\laravel-saas-starter\vendor\laravel\framework\src\Illuminate\Routing\Router.php(800): Illuminate\Routing\Router->runRouteWithinStack(Object(Illuminate\Routing\Route), Object(Illuminate\Http\Request))
#51 C:\Users\Heiner\Desktop\laravel-saas-starter\vendor\laravel\framework\src\Illuminate\Routing\Router.php(764): Illuminate\Routing\Router->runRoute(Object(Illuminate\Http\Request), Object(Illuminate\Routing\Route))
#52 C:\Users\Heiner\Desktop\laravel-saas-starter\vendor\laravel\framework\src\Illuminate\Routing\Router.php(753): Illuminate\Routing\Router->dispatchToRoute(Object(Illuminate\Http\Request))
#53 C:\Users\Heiner\Desktop\laravel-saas-starter\vendor\laravel\framework\src\Illuminate\Foundation\Http\Kernel.php(200): Illuminate\Routing\Router->dispatch(Object(Illuminate\Http\Request))
#54 C:\Users\Heiner\Desktop\laravel-saas-starter\vendor\laravel\framework\src\Illuminate\Pipeline\Pipeline.php(180): Illuminate\Foundation\Http\Kernel->{closure:Illuminate\Foundation\Http\Kernel::dispatchToRouter():197}(Object(Illuminate\Http\Request))
#55 C:\Users\Heiner\Desktop\laravel-saas-starter\vendor\livewire\livewire\src\Features\SupportDisablingBackButtonCache\DisableBackButtonCacheMiddleware.php(19): Illuminate\Pipeline\Pipeline->{closure:Illuminate\Pipeline\Pipeline::prepareDestination():178}(Object(Illuminate\Http\Request))
#56 C:\Users\Heiner\Desktop\laravel-saas-starter\vendor\laravel\framework\src\Illuminate\Pipeline\Pipeline.php(219): Livewire\Features\SupportDisablingBackButtonCache\DisableBackButtonCacheMiddleware->handle(Object(Illuminate\Http\Request), Object(Closure))
#57 C:\Users\Heiner\Desktop\laravel-saas-starter\vendor\barryvdh\laravel-debugbar\src\Middleware\InjectDebugbar.php(59): Illuminate\Pipeline\Pipeline->{closure:{closure:Illuminate\Pipeline\Pipeline::carry():194}:195}(Object(Illuminate\Http\Request))
#58 C:\Users\Heiner\Desktop\laravel-saas-starter\vendor\laravel\framework\src\Illuminate\Pipeline\Pipeline.php(219): Barryvdh\Debugbar\Middleware\InjectDebugbar->handle(Object(Illuminate\Http\Request), Object(Closure))
#59 C:\Users\Heiner\Desktop\laravel-saas-starter\vendor\laravel\framework\src\Illuminate\Foundation\Http\Middleware\TransformsRequest.php(21): Illuminate\Pipeline\Pipeline->{closure:{closure:Illuminate\Pipeline\Pipeline::carry():194}:195}(Object(Illuminate\Http\Request))
#60 C:\Users\Heiner\Desktop\laravel-saas-starter\vendor\laravel\framework\src\Illuminate\Foundation\Http\Middleware\ConvertEmptyStringsToNull.php(31): Illuminate\Foundation\Http\Middleware\TransformsRequest->handle(Object(Illuminate\Http\Request), Object(Closure))
#61 C:\Users\Heiner\Desktop\laravel-saas-starter\vendor\laravel\framework\src\Illuminate\Pipeline\Pipeline.php(219): Illuminate\Foundation\Http\Middleware\ConvertEmptyStringsToNull->handle(Object(Illuminate\Http\Request), Object(Closure))
#62 C:\Users\Heiner\Desktop\laravel-saas-starter\vendor\laravel\framework\src\Illuminate\Foundation\Http\Middleware\TransformsRequest.php(21): Illuminate\Pipeline\Pipeline->{closure:{closure:Illuminate\Pipeline\Pipeline::carry():194}:195}(Object(Illuminate\Http\Request))
#63 C:\Users\Heiner\Desktop\laravel-saas-starter\vendor\laravel\framework\src\Illuminate\Foundation\Http\Middleware\TrimStrings.php(51): Illuminate\Foundation\Http\Middleware\TransformsRequest->handle(Object(Illuminate\Http\Request), Object(Closure))
#64 C:\Users\Heiner\Desktop\laravel-saas-starter\vendor\laravel\framework\src\Illuminate\Pipeline\Pipeline.php(219): Illuminate\Foundation\Http\Middleware\TrimStrings->handle(Object(Illuminate\Http\Request), Object(Closure))
#65 C:\Users\Heiner\Desktop\laravel-saas-starter\vendor\laravel\framework\src\Illuminate\Http\Middleware\ValidatePostSize.php(27): Illuminate\Pipeline\Pipeline->{closure:{closure:Illuminate\Pipeline\Pipeline::carry():194}:195}(Object(Illuminate\Http\Request))
#66 C:\Users\Heiner\Desktop\laravel-saas-starter\vendor\laravel\framework\src\Illuminate\Pipeline\Pipeline.php(219): Illuminate\Http\Middleware\ValidatePostSize->handle(Object(Illuminate\Http\Request), Object(Closure))
#67 C:\Users\Heiner\Desktop\laravel-saas-starter\vendor\laravel\framework\src\Illuminate\Foundation\Http\Middleware\PreventRequestsDuringMaintenance.php(109): Illuminate\Pipeline\Pipeline->{closure:{closure:Illuminate\Pipeline\Pipeline::carry():194}:195}(Object(Illuminate\Http\Request))
#68 C:\Users\Heiner\Desktop\laravel-saas-starter\vendor\laravel\framework\src\Illuminate\Pipeline\Pipeline.php(219): Illuminate\Foundation\Http\Middleware\PreventRequestsDuringMaintenance->handle(Object(Illuminate\Http\Request), Object(Closure))
#69 C:\Users\Heiner\Desktop\laravel-saas-starter\vendor\laravel\framework\src\Illuminate\Http\Middleware\HandleCors.php(48): Illuminate\Pipeline\Pipeline->{closure:{closure:Illuminate\Pipeline\Pipeline::carry():194}:195}(Object(Illuminate\Http\Request))
#70 C:\Users\Heiner\Desktop\laravel-saas-starter\vendor\laravel\framework\src\Illuminate\Pipeline\Pipeline.php(219): Illuminate\Http\Middleware\HandleCors->handle(Object(Illuminate\Http\Request), Object(Closure))
#71 C:\Users\Heiner\Desktop\laravel-saas-starter\vendor\laravel\framework\src\Illuminate\Http\Middleware\TrustProxies.php(58): Illuminate\Pipeline\Pipeline->{closure:{closure:Illuminate\Pipeline\Pipeline::carry():194}:195}(Object(Illuminate\Http\Request))
#72 C:\Users\Heiner\Desktop\laravel-saas-starter\vendor\laravel\framework\src\Illuminate\Pipeline\Pipeline.php(219): Illuminate\Http\Middleware\TrustProxies->handle(Object(Illuminate\Http\Request), Object(Closure))
#73 C:\Users\Heiner\Desktop\laravel-saas-starter\vendor\laravel\framework\src\Illuminate\Foundation\Http\Middleware\InvokeDeferredCallbacks.php(22): Illuminate\Pipeline\Pipeline->{closure:{closure:Illuminate\Pipeline\Pipeline::carry():194}:195}(Object(Illuminate\Http\Request))
#74 C:\Users\Heiner\Desktop\laravel-saas-starter\vendor\laravel\framework\src\Illuminate\Pipeline\Pipeline.php(219): Illuminate\Foundation\Http\Middleware\InvokeDeferredCallbacks->handle(Object(Illuminate\Http\Request), Object(Closure))
#75 C:\Users\Heiner\Desktop\laravel-saas-starter\vendor\laravel\framework\src\Illuminate\Http\Middleware\ValidatePathEncoding.php(26): Illuminate\Pipeline\Pipeline->{closure:{closure:Illuminate\Pipeline\Pipeline::carry():194}:195}(Object(Illuminate\Http\Request))
#76 C:\Users\Heiner\Desktop\laravel-saas-starter\vendor\laravel\framework\src\Illuminate\Pipeline\Pipeline.php(219): Illuminate\Http\Middleware\ValidatePathEncoding->handle(Object(Illuminate\Http\Request), Object(Closure))
#77 C:\Users\Heiner\Desktop\laravel-saas-starter\vendor\laravel\framework\src\Illuminate\Pipeline\Pipeline.php(137): Illuminate\Pipeline\Pipeline->{closure:{closure:Illuminate\Pipeline\Pipeline::carry():194}:195}(Object(Illuminate\Http\Request))
#78 C:\Users\Heiner\Desktop\laravel-saas-starter\vendor\laravel\framework\src\Illuminate\Foundation\Http\Kernel.php(175): Illuminate\Pipeline\Pipeline->then(Object(Closure))
#79 C:\Users\Heiner\Desktop\laravel-saas-starter\vendor\laravel\framework\src\Illuminate\Foundation\Http\Kernel.php(144): Illuminate\Foundation\Http\Kernel->sendRequestThroughRouter(Object(Illuminate\Http\Request))
#80 C:\Users\Heiner\Desktop\laravel-saas-starter\vendor\laravel\framework\src\Illuminate\Foundation\Testing\Concerns\MakesHttpRequests.php(607): Illuminate\Foundation\Http\Kernel->handle(Object(Illuminate\Http\Request))
#81 C:\Users\Heiner\Desktop\laravel-saas-starter\vendor\laravel\framework\src\Illuminate\Foundation\Testing\Concerns\MakesHttpRequests.php(368): Illuminate\Foundation\Testing\TestCase->call('GET', '/profile', Array, Array, Array, Array)
#82 C:\Users\Heiner\Desktop\laravel-saas-starter\tests\Feature\ProfileTest.php(19): Illuminate\Foundation\Testing\TestCase->get('/profile')
#83 C:\Users\Heiner\Desktop\laravel-saas-starter\vendor\phpunit\phpunit\src\Framework\TestCase.php(1657): Tests\Feature\ProfileTest->test_profile_page_is_displayed()
#84 C:\Users\Heiner\Desktop\laravel-saas-starter\vendor\phpunit\phpunit\src\Framework\TestCase.php(515): PHPUnit\Framework\TestCase->runTest()
#85 C:\Users\Heiner\Desktop\laravel-saas-starter\vendor\phpunit\phpunit\src\Framework\TestRunner\TestRunner.php(87): PHPUnit\Framework\TestCase->runBare()
#86 C:\Users\Heiner\Desktop\laravel-saas-starter\vendor\phpunit\phpunit\src\Framework\TestCase.php(361): PHPUnit\Framework\TestRunner->run(Object(Tests\Feature\ProfileTest))
#87 C:\Users\Heiner\Desktop\laravel-saas-starter\vendor\phpunit\phpunit\src\Framework\TestSuite.php(369): PHPUnit\Framework\TestCase->run()
#88 C:\Users\Heiner\Desktop\laravel-saas-starter\vendor\phpunit\phpunit\src\Framework\TestSuite.php(369): PHPUnit\Framework\TestSuite->run()
#89 C:\Users\Heiner\Desktop\laravel-saas-starter\vendor\phpunit\phpunit\src\Framework\TestSuite.php(369): PHPUnit\Framework\TestSuite->run()
#90 C:\Users\Heiner\Desktop\laravel-saas-starter\vendor\phpunit\phpunit\src\TextUI\TestRunner.php(64): PHPUnit\Framework\TestSuite->run()
#91 C:\Users\Heiner\Desktop\laravel-saas-starter\vendor\phpunit\phpunit\src\TextUI\Application.php(211): PHPUnit\TextUI\TestRunner->run(Object(PHPUnit\TextUI\Configuration\Configuration), Object(PHPUnit\Runner\ResultCache\DefaultResultCache), Object(PHPUnit\Framework\TestSuite))
#92 C:\Users\Heiner\Desktop\laravel-saas-starter\vendor\phpunit\phpunit\phpunit(104): PHPUnit\TextUI\Application->run(Array)
#93 {main}

Next Illuminate\View\ViewException: The attribute [is_admin] either does not exist or was not retrieved for model [App\Models\User]. (View: C:\Users\Heiner\Desktop\laravel-saas-starter\resources\views\layouts\navigation.blade.php) (View: C:\Users\Heiner\Desktop\laravel-saas-starter\resources\views\layouts\navigation.blade.php) (View: C:\Users\Heiner\Desktop\laravel-saas-starter\resources\views\layouts\navigation.blade.php) in C:\Users\Heiner\Desktop\laravel-saas-starter\vendor\laravel\framework\src\Illuminate\Database\Eloquent\Concerns\HasAttributes.php:515
Stack trace:
#0 C:\Users\Heiner\Desktop\laravel-saas-starter\vendor\livewire\livewire\src\Mechanisms\ExtendBlade\ExtendedCompilerEngine.php(58): Illuminate\View\Engines\CompilerEngine->handleViewException(Object(Illuminate\View\ViewException), 1)
#1 C:\Users\Heiner\Desktop\laravel-saas-starter\vendor\laravel\framework\src\Illuminate\View\Engines\PhpEngine.php(59): Livewire\Mechanisms\ExtendBlade\ExtendedCompilerEngine->handleViewException(Object(Illuminate\View\ViewException), 1)
#2 C:\Users\Heiner\Desktop\laravel-saas-starter\vendor\livewire\livewire\src\Mechanisms\ExtendBlade\ExtendedCompilerEngine.php(22): Illuminate\View\Engines\PhpEngine->evaluatePath('C:\\Users\\Heiner...', Array)
#3 C:\Users\Heiner\Desktop\laravel-saas-starter\vendor\laravel\framework\src\Illuminate\View\Engines\CompilerEngine.php(76): Livewire\Mechanisms\ExtendBlade\ExtendedCompilerEngine->evaluatePath('C:\\Users\\Heiner...', Array)
#4 C:\Users\Heiner\Desktop\laravel-saas-starter\vendor\livewire\livewire\src\Mechanisms\ExtendBlade\ExtendedCompilerEngine.php(10): Illuminate\View\Engines\CompilerEngine->get('C:\\Users\\Heiner...', Array)
#5 C:\Users\Heiner\Desktop\laravel-saas-starter\vendor\laravel\framework\src\Illuminate\View\View.php(208): Livewire\Mechanisms\ExtendBlade\ExtendedCompilerEngine->get('C:\\Users\\Heiner...', Array)
#6 C:\Users\Heiner\Desktop\laravel-saas-starter\vendor\laravel\framework\src\Illuminate\View\View.php(191): Illuminate\View\View->getContents()
#7 C:\Users\Heiner\Desktop\laravel-saas-starter\vendor\laravel\framework\src\Illuminate\View\View.php(160): Illuminate\View\View->renderContents()
#8 C:\Users\Heiner\Desktop\laravel-saas-starter\vendor\laravel\framework\src\Illuminate\Http\Response.php(78): Illuminate\View\View->render()
#9 C:\Users\Heiner\Desktop\laravel-saas-starter\vendor\laravel\framework\src\Illuminate\Http\Response.php(34): Illuminate\Http\Response->setContent(Object(Illuminate\View\View))
#10 C:\Users\Heiner\Desktop\laravel-saas-starter\vendor\laravel\framework\src\Illuminate\Routing\Router.php(939): Illuminate\Http\Response->__construct(Object(Illuminate\View\View), 200, Array)
#11 C:\Users\Heiner\Desktop\laravel-saas-starter\vendor\laravel\framework\src\Illuminate\Routing\Router.php(906): Illuminate\Routing\Router::toResponse(Object(Illuminate\Http\Request), Object(Illuminate\View\View))
#12 C:\Users\Heiner\Desktop\laravel-saas-starter\vendor\laravel\framework\src\Illuminate\Routing\Router.php(821): Illuminate\Routing\Router->prepareResponse(Object(Illuminate\Http\Request), Object(Illuminate\View\View))
#13 C:\Users\Heiner\Desktop\laravel-saas-starter\vendor\laravel\framework\src\Illuminate\Pipeline\Pipeline.php(180): Illuminate\Routing\Router->{closure:Illuminate\Routing\Router::runRouteWithinStack():821}(Object(Illuminate\Http\Request))
#14 C:\Users\Heiner\Desktop\laravel-saas-starter\vendor\barryvdh\laravel-debugbar\src\Middleware\InjectDebugbar.php(59): Illuminate\Pipeline\Pipeline->{closure:Illuminate\Pipeline\Pipeline::prepareDestination():178}(Object(Illuminate\Http\Request))
#15 C:\Users\Heiner\Desktop\laravel-saas-starter\vendor\laravel\framework\src\Illuminate\Pipeline\Pipeline.php(219): Barryvdh\Debugbar\Middleware\InjectDebugbar->handle(Object(Illuminate\Http\Request), Object(Closure))
#16 C:\Users\Heiner\Desktop\laravel-saas-starter\app\Http\Middleware\EnsureOnboardingComplete.php(20): Illuminate\Pipeline\Pipeline->{closure:{closure:Illuminate\Pipeline\Pipeline::carry():194}:195}(Object(Illuminate\Http\Request))
#17 C:\Users\Heiner\Desktop\laravel-saas-starter\vendor\laravel\framework\src\Illuminate\Pipeline\Pipeline.php(219): App\Http\Middleware\EnsureOnboardingComplete->handle(Object(Illuminate\Http\Request), Object(Closure))
#18 C:\Users\Heiner\Desktop\laravel-saas-starter\app\Http\Middleware\SetLocale.php(34): Illuminate\Pipeline\Pipeline->{closure:{closure:Illuminate\Pipeline\Pipeline::carry():194}:195}(Object(Illuminate\Http\Request))
#19 C:\Users\Heiner\Desktop\laravel-saas-starter\vendor\laravel\framework\src\Illuminate\Pipeline\Pipeline.php(219): App\Http\Middleware\SetLocale->handle(Object(Illuminate\Http\Request), Object(Closure))
#20 C:\Users\Heiner\Desktop\laravel-saas-starter\app\Http\Middleware\SecurityHeaders.php(41): Illuminate\Pipeline\Pipeline->{closure:{closure:Illuminate\Pipeline\Pipeline::carry():194}:195}(Object(Illuminate\Http\Request))
#21 C:\Users\Heiner\Desktop\laravel-saas-starter\vendor\laravel\framework\src\Illuminate\Pipeline\Pipeline.php(219): App\Http\Middleware\SecurityHeaders->handle(Object(Illuminate\Http\Request), Object(Closure))
#22 C:\Users\Heiner\Desktop\laravel-saas-starter\vendor\laravel\framework\src\Illuminate\Routing\Middleware\SubstituteBindings.php(50): Illuminate\Pipeline\Pipeline->{closure:{closure:Illuminate\Pipeline\Pipeline::carry():194}:195}(Object(Illuminate\Http\Request))
#23 C:\Users\Heiner\Desktop\laravel-saas-starter\vendor\laravel\framework\src\Illuminate\Pipeline\Pipeline.php(219): Illuminate\Routing\Middleware\SubstituteBindings->handle(Object(Illuminate\Http\Request), Object(Closure))
#24 C:\Users\Heiner\Desktop\laravel-saas-starter\vendor\laravel\framework\src\Illuminate\Auth\Middleware\Authenticate.php(63): Illuminate\Pipeline\Pipeline->{closure:{closure:Illuminate\Pipeline\Pipeline::carry():194}:195}(Object(Illuminate\Http\Request))
#25 C:\Users\Heiner\Desktop\laravel-saas-starter\vendor\laravel\framework\src\Illuminate\Pipeline\Pipeline.php(219): Illuminate\Auth\Middleware\Authenticate->handle(Object(Illuminate\Http\Request), Object(Closure))
#26 C:\Users\Heiner\Desktop\laravel-saas-starter\vendor\laravel\framework\src\Illuminate\Foundation\Http\Middleware\VerifyCsrfToken.php(87): Illuminate\Pipeline\Pipeline->{closure:{closure:Illuminate\Pipeline\Pipeline::carry():194}:195}(Object(Illuminate\Http\Request))
#27 C:\Users\Heiner\Desktop\laravel-saas-starter\vendor\laravel\framework\src\Illuminate\Pipeline\Pipeline.php(219): Illuminate\Foundation\Http\Middleware\VerifyCsrfToken->handle(Object(Illuminate\Http\Request), Object(Closure))
#28 C:\Users\Heiner\Desktop\laravel-saas-starter\vendor\laravel\framework\src\Illuminate\View\Middleware\ShareErrorsFromSession.php(48): Illuminate\Pipeline\Pipeline->{closure:{closure:Illuminate\Pipeline\Pipeline::carry():194}:195}(Object(Illuminate\Http\Request))
#29 C:\Users\Heiner\Desktop\laravel-saas-starter\vendor\laravel\framework\src\Illuminate\Pipeline\Pipeline.php(219): Illuminate\View\Middleware\ShareErrorsFromSession->handle(Object(Illuminate\Http\Request), Object(Closure))
#30 C:\Users\Heiner\Desktop\laravel-saas-starter\vendor\laravel\framework\src\Illuminate\Session\Middleware\StartSession.php(120): Illuminate\Pipeline\Pipeline->{closure:{closure:Illuminate\Pipeline\Pipeline::carry():194}:195}(Object(Illuminate\Http\Request))
#31 C:\Users\Heiner\Desktop\laravel-saas-starter\vendor\laravel\framework\src\Illuminate\Session\Middleware\StartSession.php(63): Illuminate\Session\Middleware\StartSession->handleStatefulRequest(Object(Illuminate\Http\Request), Object(Illuminate\Session\Store), Object(Closure))
#32 C:\Users\Heiner\Desktop\laravel-saas-starter\vendor\laravel\framework\src\Illuminate\Pipeline\Pipeline.php(219): Illuminate\Session\Middleware\StartSession->handle(Object(Illuminate\Http\Request), Object(Closure))
#33 C:\Users\Heiner\Desktop\laravel-saas-starter\vendor\laravel\framework\src\Illuminate\Cookie\Middleware\AddQueuedCookiesToResponse.php(36): Illuminate\Pipeline\Pipeline->{closure:{closure:Illuminate\Pipeline\Pipeline::carry():194}:195}(Object(Illuminate\Http\Request))
#34 C:\Users\Heiner\Desktop\laravel-saas-starter\vendor\laravel\framework\src\Illuminate\Pipeline\Pipeline.php(219): Illuminate\Cookie\Middleware\AddQueuedCookiesToResponse->handle(Object(Illuminate\Http\Request), Object(Closure))
#35 C:\Users\Heiner\Desktop\laravel-saas-starter\vendor\laravel\framework\src\Illuminate\Cookie\Middleware\EncryptCookies.php(74): Illuminate\Pipeline\Pipeline->{closure:{closure:Illuminate\Pipeline\Pipeline::carry():194}:195}(Object(Illuminate\Http\Request))
#36 C:\Users\Heiner\Desktop\laravel-saas-starter\vendor\laravel\framework\src\Illuminate\Pipeline\Pipeline.php(219): Illuminate\Cookie\Middleware\EncryptCookies->handle(Object(Illuminate\Http\Request), Object(Closure))
#37 C:\Users\Heiner\Desktop\laravel-saas-starter\vendor\laravel\framework\src\Illuminate\Pipeline\Pipeline.php(137): Illuminate\Pipeline\Pipeline->{closure:{closure:Illuminate\Pipeline\Pipeline::carry():194}:195}(Object(Illuminate\Http\Request))
#38 C:\Users\Heiner\Desktop\laravel-saas-starter\vendor\laravel\framework\src\Illuminate\Routing\Router.php(821): Illuminate\Pipeline\Pipeline->then(Object(Closure))
#39 C:\Users\Heiner\Desktop\laravel-saas-starter\vendor\laravel\framework\src\Illuminate\Routing\Router.php(800): Illuminate\Routing\Router->runRouteWithinStack(Object(Illuminate\Routing\Route), Object(Illuminate\Http\Request))
#40 C:\Users\Heiner\Desktop\laravel-saas-starter\vendor\laravel\framework\src\Illuminate\Routing\Router.php(764): Illuminate\Routing\Router->runRoute(Object(Illuminate\Http\Request), Object(Illuminate\Routing\Route))
#41 C:\Users\Heiner\Desktop\laravel-saas-starter\vendor\laravel\framework\src\Illuminate\Routing\Router.php(753): Illuminate\Routing\Router->dispatchToRoute(Object(Illuminate\Http\Request))
#42 C:\Users\Heiner\Desktop\laravel-saas-starter\vendor\laravel\framework\src\Illuminate\Foundation\Http\Kernel.php(200): Illuminate\Routing\Router->dispatch(Object(Illuminate\Http\Request))
#43 C:\Users\Heiner\Desktop\laravel-saas-starter\vendor\laravel\framework\src\Illuminate\Pipeline\Pipeline.php(180): Illuminate\Foundation\Http\Kernel->{closure:Illuminate\Foundation\Http\Kernel::dispatchToRouter():197}(Object(Illuminate\Http\Request))
#44 C:\Users\Heiner\Desktop\laravel-saas-starter\vendor\livewire\livewire\src\Features\SupportDisablingBackButtonCache\DisableBackButtonCacheMiddleware.php(19): Illuminate\Pipeline\Pipeline->{closure:Illuminate\Pipeline\Pipeline::prepareDestination():178}(Object(Illuminate\Http\Request))
#45 C:\Users\Heiner\Desktop\laravel-saas-starter\vendor\laravel\framework\src\Illuminate\Pipeline\Pipeline.php(219): Livewire\Features\SupportDisablingBackButtonCache\DisableBackButtonCacheMiddleware->handle(Object(Illuminate\Http\Request), Object(Closure))
#46 C:\Users\Heiner\Desktop\laravel-saas-starter\vendor\barryvdh\laravel-debugbar\src\Middleware\InjectDebugbar.php(59): Illuminate\Pipeline\Pipeline->{closure:{closure:Illuminate\Pipeline\Pipeline::carry():194}:195}(Object(Illuminate\Http\Request))
#47 C:\Users\Heiner\Desktop\laravel-saas-starter\vendor\laravel\framework\src\Illuminate\Pipeline\Pipeline.php(219): Barryvdh\Debugbar\Middleware\InjectDebugbar->handle(Object(Illuminate\Http\Request), Object(Closure))
#48 C:\Users\Heiner\Desktop\laravel-saas-starter\vendor\laravel\framework\src\Illuminate\Foundation\Http\Middleware\TransformsRequest.php(21): Illuminate\Pipeline\Pipeline->{closure:{closure:Illuminate\Pipeline\Pipeline::carry():194}:195}(Object(Illuminate\Http\Request))
#49 C:\Users\Heiner\Desktop\laravel-saas-starter\vendor\laravel\framework\src\Illuminate\Foundation\Http\Middleware\ConvertEmptyStringsToNull.php(31): Illuminate\Foundation\Http\Middleware\TransformsRequest->handle(Object(Illuminate\Http\Request), Object(Closure))
#50 C:\Users\Heiner\Desktop\laravel-saas-starter\vendor\laravel\framework\src\Illuminate\Pipeline\Pipeline.php(219): Illuminate\Foundation\Http\Middleware\ConvertEmptyStringsToNull->handle(Object(Illuminate\Http\Request), Object(Closure))
#51 C:\Users\Heiner\Desktop\laravel-saas-starter\vendor\laravel\framework\src\Illuminate\Foundation\Http\Middleware\TransformsRequest.php(21): Illuminate\Pipeline\Pipeline->{closure:{closure:Illuminate\Pipeline\Pipeline::carry():194}:195}(Object(Illuminate\Http\Request))
#52 C:\Users\Heiner\Desktop\laravel-saas-starter\vendor\laravel\framework\src\Illuminate\Foundation\Http\Middleware\TrimStrings.php(51): Illuminate\Foundation\Http\Middleware\TransformsRequest->handle(Object(Illuminate\Http\Request), Object(Closure))
#53 C:\Users\Heiner\Desktop\laravel-saas-starter\vendor\laravel\framework\src\Illuminate\Pipeline\Pipeline.php(219): Illuminate\Foundation\Http\Middleware\TrimStrings->handle(Object(Illuminate\Http\Request), Object(Closure))
#54 C:\Users\Heiner\Desktop\laravel-saas-starter\vendor\laravel\framework\src\Illuminate\Http\Middleware\ValidatePostSize.php(27): Illuminate\Pipeline\Pipeline->{closure:{closure:Illuminate\Pipeline\Pipeline::carry():194}:195}(Object(Illuminate\Http\Request))
#55 C:\Users\Heiner\Desktop\laravel-saas-starter\vendor\laravel\framework\src\Illuminate\Pipeline\Pipeline.php(219): Illuminate\Http\Middleware\ValidatePostSize->handle(Object(Illuminate\Http\Request), Object(Closure))
#56 C:\Users\Heiner\Desktop\laravel-saas-starter\vendor\laravel\framework\src\Illuminate\Foundation\Http\Middleware\PreventRequestsDuringMaintenance.php(109): Illuminate\Pipeline\Pipeline->{closure:{closure:Illuminate\Pipeline\Pipeline::carry():194}:195}(Object(Illuminate\Http\Request))
#57 C:\Users\Heiner\Desktop\laravel-saas-starter\vendor\laravel\framework\src\Illuminate\Pipeline\Pipeline.php(219): Illuminate\Foundation\Http\Middleware\PreventRequestsDuringMaintenance->handle(Object(Illuminate\Http\Request), Object(Closure))
#58 C:\Users\Heiner\Desktop\laravel-saas-starter\vendor\laravel\framework\src\Illuminate\Http\Middleware\HandleCors.php(48): Illuminate\Pipeline\Pipeline->{closure:{closure:Illuminate\Pipeline\Pipeline::carry():194}:195}(Object(Illuminate\Http\Request))
#59 C:\Users\Heiner\Desktop\laravel-saas-starter\vendor\laravel\framework\src\Illuminate\Pipeline\Pipeline.php(219): Illuminate\Http\Middleware\HandleCors->handle(Object(Illuminate\Http\Request), Object(Closure))
#60 C:\Users\Heiner\Desktop\laravel-saas-starter\vendor\laravel\framework\src\Illuminate\Http\Middleware\TrustProxies.php(58): Illuminate\Pipeline\Pipeline->{closure:{closure:Illuminate\Pipeline\Pipeline::carry():194}:195}(Object(Illuminate\Http\Request))
#61 C:\Users\Heiner\Desktop\laravel-saas-starter\vendor\laravel\framework\src\Illuminate\Pipeline\Pipeline.php(219): Illuminate\Http\Middleware\TrustProxies->handle(Object(Illuminate\Http\Request), Object(Closure))
#62 C:\Users\Heiner\Desktop\laravel-saas-starter\vendor\laravel\framework\src\Illuminate\Foundation\Http\Middleware\InvokeDeferredCallbacks.php(22): Illuminate\Pipeline\Pipeline->{closure:{closure:Illuminate\Pipeline\Pipeline::carry():194}:195}(Object(Illuminate\Http\Request))
#63 C:\Users\Heiner\Desktop\laravel-saas-starter\vendor\laravel\framework\src\Illuminate\Pipeline\Pipeline.php(219): Illuminate\Foundation\Http\Middleware\InvokeDeferredCallbacks->handle(Object(Illuminate\Http\Request), Object(Closure))
#64 C:\Users\Heiner\Desktop\laravel-saas-starter\vendor\laravel\framework\src\Illuminate\Http\Middleware\ValidatePathEncoding.php(26): Illuminate\Pipeline\Pipeline->{closure:{closure:Illuminate\Pipeline\Pipeline::carry():194}:195}(Object(Illuminate\Http\Request))
#65 C:\Users\Heiner\Desktop\laravel-saas-starter\vendor\laravel\framework\src\Illuminate\Pipeline\Pipeline.php(219): Illuminate\Http\Middleware\ValidatePathEncoding->handle(Object(Illuminate\Http\Request), Object(Closure))
#66 C:\Users\Heiner\Desktop\laravel-saas-starter\vendor\laravel\framework\src\Illuminate\Pipeline\Pipeline.php(137): Illuminate\Pipeline\Pipeline->{closure:{closure:Illuminate\Pipeline\Pipeline::carry():194}:195}(Object(Illuminate\Http\Request))
#67 C:\Users\Heiner\Desktop\laravel-saas-starter\vendor\laravel\framework\src\Illuminate\Foundation\Http\Kernel.php(175): Illuminate\Pipeline\Pipeline->then(Object(Closure))
#68 C:\Users\Heiner\Desktop\laravel-saas-starter\vendor\laravel\framework\src\Illuminate\Foundation\Http\Kernel.php(144): Illuminate\Foundation\Http\Kernel->sendRequestThroughRouter(Object(Illuminate\Http\Request))
#69 C:\Users\Heiner\Desktop\laravel-saas-starter\vendor\laravel\framework\src\Illuminate\Foundation\Testing\Concerns\MakesHttpRequests.php(607): Illuminate\Foundation\Http\Kernel->handle(Object(Illuminate\Http\Request))
#70 C:\Users\Heiner\Desktop\laravel-saas-starter\vendor\laravel\framework\src\Illuminate\Foundation\Testing\Concerns\MakesHttpRequests.php(368): Illuminate\Foundation\Testing\TestCase->call('GET', '/profile', Array, Array, Array, Array)
#71 C:\Users\Heiner\Desktop\laravel-saas-starter\tests\Feature\ProfileTest.php(19): Illuminate\Foundation\Testing\TestCase->get('/profile')
#72 C:\Users\Heiner\Desktop\laravel-saas-starter\vendor\phpunit\phpunit\src\Framework\TestCase.php(1657): Tests\Feature\ProfileTest->test_profile_page_is_displayed()
#73 C:\Users\Heiner\Desktop\laravel-saas-starter\vendor\phpunit\phpunit\src\Framework\TestCase.php(515): PHPUnit\Framework\TestCase->runTest()
#74 C:\Users\Heiner\Desktop\laravel-saas-starter\vendor\phpunit\phpunit\src\Framework\TestRunner\TestRunner.php(87): PHPUnit\Framework\TestCase->runBare()
#75 C:\Users\Heiner\Desktop\laravel-saas-starter\vendor\phpunit\phpunit\src\Framework\TestCase.php(361): PHPUnit\Framework\TestRunner->run(Object(Tests\Feature\ProfileTest))
#76 C:\Users\Heiner\Desktop\laravel-saas-starter\vendor\phpunit\phpunit\src\Framework\TestSuite.php(369): PHPUnit\Framework\TestCase->run()
#77 C:\Users\Heiner\Desktop\laravel-saas-starter\vendor\phpunit\phpunit\src\Framework\TestSuite.php(369): PHPUnit\Framework\TestSuite->run()
#78 C:\Users\Heiner\Desktop\laravel-saas-starter\vendor\phpunit\phpunit\src\Framework\TestSuite.php(369): PHPUnit\Framework\TestSuite->run()
#79 C:\Users\Heiner\Desktop\laravel-saas-starter\vendor\phpunit\phpunit\src\TextUI\TestRunner.php(64): PHPUnit\Framework\TestSuite->run()
#80 C:\Users\Heiner\Desktop\laravel-saas-starter\vendor\phpunit\phpunit\src\TextUI\Application.php(211): PHPUnit\TextUI\TestRunner->run(Object(PHPUnit\TextUI\Configuration\Configuration), Object(PHPUnit\Runner\ResultCache\DefaultResultCache), Object(PHPUnit\Framework\TestSuite))
#81 C:\Users\Heiner\Desktop\laravel-saas-starter\vendor\phpunit\phpunit\phpunit(104): PHPUnit\TextUI\Application->run(Array)
#82 {main}

----------------------------------------------------------------------------------

The attribute [is_admin] either does not exist or was not retrieved for model [App\Models\User]. (View: C:\Users\Heiner\Desktop\laravel-saas-starter\resources\views\layouts\navigation.blade.php) (View: C:\Users\Heiner\Desktop\laravel-saas-starter\resources\views\layouts\navigation.blade.php) (View: C:\Users\Heiner\Desktop\laravel-saas-starter\resources\views\layouts\navigation.blade.php)

  at tests\Feature\ProfileTest.php:21
     17Ôûò         $response = $this
     18Ôûò             ->actingAs($user)
     19Ôûò             ->get('/profile');
     20Ôûò 
  Ô×£  21Ôûò         $response->assertOk();
     22Ôûò     }
     23Ôûò 
     24Ôûò     public function test_profile_information_can_be_updated(): void
     25Ôûò     {


  Tests:    17 failed, 104 passed (257 assertions)
  Duration: 94.90s

